bin/rails aborted!
KeyError: key not found: "DB_NAME_PROD" (KeyError)
Did you mean?  "DB_NAME_TEST"
/home/vantrong/Documents/PLATFORM_LETTA/CUSTOMER_DTU-SUPPORT-BE/config/database.yml:21:in `fetch'
/home/vantrong/Documents/PLATFORM_LETTA/CUSTOMER_DTU-SUPPORT-BE/config/database.yml:21:in `<main>'
/home/vantrong/Documents/PLATFORM_LETTA/CUSTOMER_DTU-SUPPORT-BE/vendor/bundle/ruby/3.3.0/gems/erb-5.0.2/lib/erb.rb:427:in `eval'
/home/vantrong/Documents/PLATFORM_LETTA/CUSTOMER_DTU-SUPPORT-BE/vendor/bundle/ruby/3.3.0/gems/erb-5.0.2/lib/erb.rb:427:in `result'
/home/vantrong/Documents/PLATFORM_LETTA/CUSTOMER_DTU-SUPPORT-BE/vendor/bundle/ruby/3.3.0/gems/activesupport-8.0.2/lib/active_support/configuration_file.rb:57:in `render'
/home/vantrong/Documents/PLATFORM_LETTA/CUSTOMER_DTU-SUPPORT-BE/vendor/bundle/ruby/3.3.0/gems/activesupport-8.0.2/lib/active_support/configuration_file.rb:22:in `parse'
/home/vantrong/Documents/PLATFORM_LETTA/CUSTOMER_DTU-SUPPORT-BE/vendor/bundle/ruby/3.3.0/gems/activesupport-8.0.2/lib/active_support/configuration_file.rb:18:in `parse'
/home/vantrong/Documents/PLATFORM_LETTA/CUSTOMER_DTU-SUPPORT-BE/vendor/bundle/ruby/3.3.0/gems/railties-8.0.2/lib/rails/application/configuration.rb:423:in `load_database_yaml'
/home/vantrong/Documents/PLATFORM_LETTA/CUSTOMER_DTU-SUPPORT-BE/vendor/bundle/ruby/3.3.0/gems/activerecord-8.0.2/lib/active_record/tasks/database_tasks.rb:138:in `setup_initial_database_yaml'
/home/vantrong/Documents/PLATFORM_LETTA/CUSTOMER_DTU-SUPPORT-BE/vendor/bundle/ruby/3.3.0/gems/activerecord-8.0.2/lib/active_record/railties/databases.rake:7:in `<main>'
/home/vantrong/Documents/PLATFORM_LETTA/CUSTOMER_DTU-SUPPORT-BE/vendor/bundle/ruby/3.3.0/gems/activerecord-8.0.2/lib/active_record/railtie.rb:57:in `load'
/home/vantrong/Documents/PLATFORM_LETTA/CUSTOMER_DTU-SUPPORT-BE/vendor/bundle/ruby/3.3.0/gems/activerecord-8.0.2/lib/active_record/railtie.rb:57:in `block in <class:Railtie>'
/home/vantrong/Documents/PLATFORM_LETTA/CUSTOMER_DTU-SUPPORT-BE/vendor/bundle/ruby/3.3.0/gems/railties-8.0.2/lib/rails/railtie.rb:285:in `instance_exec'
/home/vantrong/Documents/PLATFORM_LETTA/CUSTOMER_DTU-SUPPORT-BE/vendor/bundle/ruby/3.3.0/gems/railties-8.0.2/lib/rails/railtie.rb:285:in `block in run_tasks_blocks'
/home/vantrong/Documents/PLATFORM_LETTA/CUSTOMER_DTU-SUPPORT-BE/vendor/bundle/ruby/3.3.0/gems/railties-8.0.2/lib/rails/railtie.rb:297:in `each'
/home/vantrong/Documents/PLATFORM_LETTA/CUSTOMER_DTU-SUPPORT-BE/vendor/bundle/ruby/3.3.0/gems/railties-8.0.2/lib/rails/railtie.rb:297:in `each_registered_block'
/home/vantrong/Documents/PLATFORM_LETTA/CUSTOMER_DTU-SUPPORT-BE/vendor/bundle/ruby/3.3.0/gems/railties-8.0.2/lib/rails/railtie.rb:285:in `run_tasks_blocks'
/home/vantrong/Documents/PLATFORM_LETTA/CUSTOMER_DTU-SUPPORT-BE/vendor/bundle/ruby/3.3.0/gems/railties-8.0.2/lib/rails/application.rb:561:in `block in run_tasks_blocks'
/home/vantrong/Documents/PLATFORM_LETTA/CUSTOMER_DTU-SUPPORT-BE/vendor/bundle/ruby/3.3.0/gems/railties-8.0.2/lib/rails/engine/railties.rb:15:in `each'
/home/vantrong/Documents/PLATFORM_LETTA/CUSTOMER_DTU-SUPPORT-BE/vendor/bundle/ruby/3.3.0/gems/railties-8.0.2/lib/rails/engine/railties.rb:15:in `each'
/home/vantrong/Documents/PLATFORM_LETTA/CUSTOMER_DTU-SUPPORT-BE/vendor/bundle/ruby/3.3.0/gems/railties-8.0.2/lib/rails/application.rb:561:in `run_tasks_blocks'
/home/vantrong/Documents/PLATFORM_LETTA/CUSTOMER_DTU-SUPPORT-BE/vendor/bundle/ruby/3.3.0/gems/railties-8.0.2/lib/rails/engine.rb:470:in `load_tasks'
/home/vantrong/Documents/PLATFORM_LETTA/CUSTOMER_DTU-SUPPORT-BE/Rakefile:6:in `<main>'
/home/vantrong/Documents/PLATFORM_LETTA/CUSTOMER_DTU-SUPPORT-BE/vendor/bundle/ruby/3.3.0/gems/rake-13.3.0/lib/rake/rake_module.rb:29:in `load'
/home/vantrong/Documents/PLATFORM_LETTA/CUSTOMER_DTU-SUPPORT-BE/vendor/bundle/ruby/3.3.0/gems/rake-13.3.0/lib/rake/rake_module.rb:29:in `load_rakefile'
/home/vantrong/Documents/PLATFORM_LETTA/CUSTOMER_DTU-SUPPORT-BE/vendor/bundle/ruby/3.3.0/gems/rake-13.3.0/lib/rake/application.rb:740:in `raw_load_rakefile'
/home/vantrong/Documents/PLATFORM_LETTA/CUSTOMER_DTU-SUPPORT-BE/vendor/bundle/ruby/3.3.0/gems/rake-13.3.0/lib/rake/application.rb:126:in `block in load_rakefile'
/home/vantrong/Documents/PLATFORM_LETTA/CUSTOMER_DTU-SUPPORT-BE/vendor/bundle/ruby/3.3.0/gems/rake-13.3.0/lib/rake/application.rb:214:in `standard_exception_handling'
/home/vantrong/Documents/PLATFORM_LETTA/CUSTOMER_DTU-SUPPORT-BE/vendor/bundle/ruby/3.3.0/gems/rake-13.3.0/lib/rake/application.rb:125:in `load_rakefile'
/home/vantrong/Documents/PLATFORM_LETTA/CUSTOMER_DTU-SUPPORT-BE/vendor/bundle/ruby/3.3.0/gems/railties-8.0.2/lib/rails/commands/rake/rake_command.rb:43:in `block in with_rake'
/home/vantrong/Documents/PLATFORM_LETTA/CUSTOMER_DTU-SUPPORT-BE/vendor/bundle/ruby/3.3.0/gems/rake-13.3.0/lib/rake/rake_module.rb:59:in `with_application'
/home/vantrong/Documents/PLATFORM_LETTA/CUSTOMER_DTU-SUPPORT-BE/vendor/bundle/ruby/3.3.0/gems/railties-8.0.2/lib/rails/commands/rake/rake_command.rb:41:in `with_rake'
/home/vantrong/Documents/PLATFORM_LETTA/CUSTOMER_DTU-SUPPORT-BE/vendor/bundle/ruby/3.3.0/gems/railties-8.0.2/lib/rails/commands/rake/rake_command.rb:20:in `perform'
/home/vantrong/Documents/PLATFORM_LETTA/CUSTOMER_DTU-SUPPORT-BE/vendor/bundle/ruby/3.3.0/gems/railties-8.0.2/lib/rails/command.rb:150:in `invoke_rake'
/home/vantrong/Documents/PLATFORM_LETTA/CUSTOMER_DTU-SUPPORT-BE/vendor/bundle/ruby/3.3.0/gems/railties-8.0.2/lib/rails/command.rb:67:in `block in invoke'
/home/vantrong/Documents/PLATFORM_LETTA/CUSTOMER_DTU-SUPPORT-BE/vendor/bundle/ruby/3.3.0/gems/railties-8.0.2/lib/rails/command.rb:143:in `with_argv'
/home/vantrong/Documents/PLATFORM_LETTA/CUSTOMER_DTU-SUPPORT-BE/vendor/bundle/ruby/3.3.0/gems/railties-8.0.2/lib/rails/command.rb:63:in `invoke'
/home/vantrong/Documents/PLATFORM_LETTA/CUSTOMER_DTU-SUPPORT-BE/vendor/bundle/ruby/3.3.0/gems/railties-8.0.2/lib/rails/commands.rb:18:in `<main>'
/home/vantrong/.rvm/rubies/ruby-3.3.9/lib/ruby/3.3.0/bundled_gems.rb:69:in `require'
/home/vantrong/.rvm/rubies/ruby-3.3.9/lib/ruby/3.3.0/bundled_gems.rb:69:in `block (2 levels) in replace_require'
/home/vantrong/Documents/PLATFORM_LETTA/CUSTOMER_DTU-SUPPORT-BE/vendor/bundle/ruby/3.3.0/gems/bootsnap-1.18.6/lib/bootsnap/load_path_cache/core_ext/kernel_require.rb:30:in `require'
bin/rails:6:in `<main>'
