** Invoke db:drop (first_time)
** Invoke db:load_config (first_time)
** Invoke environment (first_time)
** Execute environment
** Execute db:load_config
** Invoke db:check_protected_environments (first_time)
** Invoke db:load_config 
** Execute db:check_protected_environments
bin/rails aborted!
ActiveRecord::DatabaseConnectionError: There is an issue connecting to your database with your username/password, username: postgres. (ActiveRecord::DatabaseConnectionError)

Please check your database configuration to ensure the username/password are valid.
/home/vantrong/Documents/PLATFORM_LETTA/CUSTOMER_DTU-SUPPORT-BE/vendor/bundle/ruby/3.3.0/gems/activerecord-8.0.2/lib/active_record/connection_adapters/postgresql_adapter.rb:65:in `rescue in new_client'
/home/vantrong/Documents/PLATFORM_LETTA/CUSTOMER_DTU-SUPPORT-BE/vendor/bundle/ruby/3.3.0/gems/activerecord-8.0.2/lib/active_record/connection_adapters/postgresql_adapter.rb:57:in `new_client'
/home/vantrong/Documents/PLATFORM_LETTA/CUSTOMER_DTU-SUPPORT-BE/vendor/bundle/ruby/3.3.0/gems/activerecord-8.0.2/lib/active_record/connection_adapters/postgresql_adapter.rb:939:in `connect'
/home/vantrong/Documents/PLATFORM_LETTA/CUSTOMER_DTU-SUPPORT-BE/vendor/bundle/ruby/3.3.0/gems/activerecord-8.0.2/lib/active_record/connection_adapters/postgresql_adapter.rb:951:in `reconnect'
/home/vantrong/Documents/PLATFORM_LETTA/CUSTOMER_DTU-SUPPORT-BE/vendor/bundle/ruby/3.3.0/gems/activerecord-8.0.2/lib/active_record/connection_adapters/abstract_adapter.rb:667:in `block in reconnect!'
/home/vantrong/Documents/PLATFORM_LETTA/CUSTOMER_DTU-SUPPORT-BE/vendor/bundle/ruby/3.3.0/gems/activesupport-8.0.2/lib/active_support/concurrency/null_lock.rb:9:in `synchronize'
/home/vantrong/Documents/PLATFORM_LETTA/CUSTOMER_DTU-SUPPORT-BE/vendor/bundle/ruby/3.3.0/gems/activerecord-8.0.2/lib/active_record/connection_adapters/abstract_adapter.rb:666:in `reconnect!'
/home/vantrong/Documents/PLATFORM_LETTA/CUSTOMER_DTU-SUPPORT-BE/vendor/bundle/ruby/3.3.0/gems/activerecord-8.0.2/lib/active_record/connection_adapters/abstract_adapter.rb:771:in `block in verify!'
/home/vantrong/Documents/PLATFORM_LETTA/CUSTOMER_DTU-SUPPORT-BE/vendor/bundle/ruby/3.3.0/gems/activesupport-8.0.2/lib/active_support/concurrency/null_lock.rb:9:in `synchronize'
/home/vantrong/Documents/PLATFORM_LETTA/CUSTOMER_DTU-SUPPORT-BE/vendor/bundle/ruby/3.3.0/gems/activerecord-8.0.2/lib/active_record/connection_adapters/abstract_adapter.rb:761:in `verify!'
/home/vantrong/Documents/PLATFORM_LETTA/CUSTOMER_DTU-SUPPORT-BE/vendor/bundle/ruby/3.3.0/gems/activerecord-8.0.2/lib/active_record/connection_adapters/abstract_adapter.rb:779:in `connect!'
/home/vantrong/Documents/PLATFORM_LETTA/CUSTOMER_DTU-SUPPORT-BE/vendor/bundle/ruby/3.3.0/gems/activerecord-8.0.2/lib/active_record/connection_adapters/abstract_adapter.rb:985:in `block in with_raw_connection'
/home/vantrong/Documents/PLATFORM_LETTA/CUSTOMER_DTU-SUPPORT-BE/vendor/bundle/ruby/3.3.0/gems/activesupport-8.0.2/lib/active_support/concurrency/null_lock.rb:9:in `synchronize'
/home/vantrong/Documents/PLATFORM_LETTA/CUSTOMER_DTU-SUPPORT-BE/vendor/bundle/ruby/3.3.0/gems/activerecord-8.0.2/lib/active_record/connection_adapters/abstract_adapter.rb:984:in `with_raw_connection'
/home/vantrong/Documents/PLATFORM_LETTA/CUSTOMER_DTU-SUPPORT-BE/vendor/bundle/ruby/3.3.0/gems/activerecord-8.0.2/lib/active_record/connection_adapters/postgresql/quoting.rb:128:in `quote_string'
/home/vantrong/Documents/PLATFORM_LETTA/CUSTOMER_DTU-SUPPORT-BE/vendor/bundle/ruby/3.3.0/gems/activerecord-8.0.2/lib/active_record/connection_adapters/abstract/quoting.rb:76:in `quote'
/home/vantrong/Documents/PLATFORM_LETTA/CUSTOMER_DTU-SUPPORT-BE/vendor/bundle/ruby/3.3.0/gems/activerecord-8.0.2/lib/active_record/connection_adapters/postgresql/quoting.rb:122:in `quote'
/home/vantrong/Documents/PLATFORM_LETTA/CUSTOMER_DTU-SUPPORT-BE/vendor/bundle/ruby/3.3.0/gems/activerecord-8.0.2/lib/active_record/connection_adapters/postgresql/schema_statements.rb:1142:in `quoted_scope'
/home/vantrong/Documents/PLATFORM_LETTA/CUSTOMER_DTU-SUPPORT-BE/vendor/bundle/ruby/3.3.0/gems/activerecord-8.0.2/lib/active_record/connection_adapters/postgresql/schema_statements.rb:1119:in `data_source_sql'
/home/vantrong/Documents/PLATFORM_LETTA/CUSTOMER_DTU-SUPPORT-BE/vendor/bundle/ruby/3.3.0/gems/activerecord-8.0.2/lib/active_record/connection_adapters/abstract/schema_statements.rb:45:in `data_source_exists?'
/home/vantrong/Documents/PLATFORM_LETTA/CUSTOMER_DTU-SUPPORT-BE/vendor/bundle/ruby/3.3.0/gems/activerecord-8.0.2/lib/active_record/schema_migration.rb:102:in `block in table_exists?'
/home/vantrong/Documents/PLATFORM_LETTA/CUSTOMER_DTU-SUPPORT-BE/vendor/bundle/ruby/3.3.0/gems/activerecord-8.0.2/lib/active_record/connection_adapters/abstract/connection_pool.rb:418:in `with_connection'
/home/vantrong/Documents/PLATFORM_LETTA/CUSTOMER_DTU-SUPPORT-BE/vendor/bundle/ruby/3.3.0/gems/activerecord-8.0.2/lib/active_record/schema_migration.rb:101:in `table_exists?'
/home/vantrong/Documents/PLATFORM_LETTA/CUSTOMER_DTU-SUPPORT-BE/vendor/bundle/ruby/3.3.0/gems/activerecord-8.0.2/lib/active_record/migration.rb:1283:in `get_all_versions'
/home/vantrong/Documents/PLATFORM_LETTA/CUSTOMER_DTU-SUPPORT-BE/vendor/bundle/ruby/3.3.0/gems/activerecord-8.0.2/lib/active_record/migration.rb:1291:in `current_version'
/home/vantrong/Documents/PLATFORM_LETTA/CUSTOMER_DTU-SUPPORT-BE/vendor/bundle/ruby/3.3.0/gems/activerecord-8.0.2/lib/active_record/migration.rb:1351:in `last_stored_environment'
/home/vantrong/Documents/PLATFORM_LETTA/CUSTOMER_DTU-SUPPORT-BE/vendor/bundle/ruby/3.3.0/gems/activerecord-8.0.2/lib/active_record/tasks/database_tasks.rb:639:in `block in check_current_protected_environment!'
/home/vantrong/Documents/PLATFORM_LETTA/CUSTOMER_DTU-SUPPORT-BE/vendor/bundle/ruby/3.3.0/gems/activerecord-8.0.2/lib/active_record/tasks/database_tasks.rb:546:in `with_temporary_pool'
/home/vantrong/Documents/PLATFORM_LETTA/CUSTOMER_DTU-SUPPORT-BE/vendor/bundle/ruby/3.3.0/gems/activerecord-8.0.2/lib/active_record/tasks/database_tasks.rb:636:in `check_current_protected_environment!'
/home/vantrong/Documents/PLATFORM_LETTA/CUSTOMER_DTU-SUPPORT-BE/vendor/bundle/ruby/3.3.0/gems/activerecord-8.0.2/lib/active_record/tasks/database_tasks.rb:69:in `block in check_protected_environments!'
/home/vantrong/Documents/PLATFORM_LETTA/CUSTOMER_DTU-SUPPORT-BE/vendor/bundle/ruby/3.3.0/gems/activerecord-8.0.2/lib/active_record/tasks/database_tasks.rb:68:in `each'
/home/vantrong/Documents/PLATFORM_LETTA/CUSTOMER_DTU-SUPPORT-BE/vendor/bundle/ruby/3.3.0/gems/activerecord-8.0.2/lib/active_record/tasks/database_tasks.rb:68:in `check_protected_environments!'
/home/vantrong/Documents/PLATFORM_LETTA/CUSTOMER_DTU-SUPPORT-BE/vendor/bundle/ruby/3.3.0/gems/activerecord-8.0.2/lib/active_record/railties/databases.rake:19:in `block (2 levels) in <main>'
/home/vantrong/Documents/PLATFORM_LETTA/CUSTOMER_DTU-SUPPORT-BE/vendor/bundle/ruby/3.3.0/gems/rake-13.3.0/lib/rake/task.rb:281:in `block in execute'
/home/vantrong/Documents/PLATFORM_LETTA/CUSTOMER_DTU-SUPPORT-BE/vendor/bundle/ruby/3.3.0/gems/rake-13.3.0/lib/rake/task.rb:281:in `each'
/home/vantrong/Documents/PLATFORM_LETTA/CUSTOMER_DTU-SUPPORT-BE/vendor/bundle/ruby/3.3.0/gems/rake-13.3.0/lib/rake/task.rb:281:in `execute'
/home/vantrong/Documents/PLATFORM_LETTA/CUSTOMER_DTU-SUPPORT-BE/vendor/bundle/ruby/3.3.0/gems/rake-13.3.0/lib/rake/task.rb:219:in `block in invoke_with_call_chain'
/home/vantrong/Documents/PLATFORM_LETTA/CUSTOMER_DTU-SUPPORT-BE/vendor/bundle/ruby/3.3.0/gems/rake-13.3.0/lib/rake/task.rb:199:in `synchronize'
/home/vantrong/Documents/PLATFORM_LETTA/CUSTOMER_DTU-SUPPORT-BE/vendor/bundle/ruby/3.3.0/gems/rake-13.3.0/lib/rake/task.rb:199:in `invoke_with_call_chain'
/home/vantrong/Documents/PLATFORM_LETTA/CUSTOMER_DTU-SUPPORT-BE/vendor/bundle/ruby/3.3.0/gems/rake-13.3.0/lib/rake/task.rb:243:in `block in invoke_prerequisites'
/home/vantrong/Documents/PLATFORM_LETTA/CUSTOMER_DTU-SUPPORT-BE/vendor/bundle/ruby/3.3.0/gems/rake-13.3.0/lib/rake/task.rb:241:in `each'
/home/vantrong/Documents/PLATFORM_LETTA/CUSTOMER_DTU-SUPPORT-BE/vendor/bundle/ruby/3.3.0/gems/rake-13.3.0/lib/rake/task.rb:241:in `invoke_prerequisites'
/home/vantrong/Documents/PLATFORM_LETTA/CUSTOMER_DTU-SUPPORT-BE/vendor/bundle/ruby/3.3.0/gems/rake-13.3.0/lib/rake/task.rb:218:in `block in invoke_with_call_chain'
/home/vantrong/Documents/PLATFORM_LETTA/CUSTOMER_DTU-SUPPORT-BE/vendor/bundle/ruby/3.3.0/gems/rake-13.3.0/lib/rake/task.rb:199:in `synchronize'
/home/vantrong/Documents/PLATFORM_LETTA/CUSTOMER_DTU-SUPPORT-BE/vendor/bundle/ruby/3.3.0/gems/rake-13.3.0/lib/rake/task.rb:199:in `invoke_with_call_chain'
/home/vantrong/Documents/PLATFORM_LETTA/CUSTOMER_DTU-SUPPORT-BE/vendor/bundle/ruby/3.3.0/gems/rake-13.3.0/lib/rake/task.rb:188:in `invoke'
/home/vantrong/Documents/PLATFORM_LETTA/CUSTOMER_DTU-SUPPORT-BE/vendor/bundle/ruby/3.3.0/gems/rake-13.3.0/lib/rake/application.rb:188:in `invoke_task'
/home/vantrong/Documents/PLATFORM_LETTA/CUSTOMER_DTU-SUPPORT-BE/vendor/bundle/ruby/3.3.0/gems/rake-13.3.0/lib/rake/application.rb:138:in `block (2 levels) in top_level'
/home/vantrong/Documents/PLATFORM_LETTA/CUSTOMER_DTU-SUPPORT-BE/vendor/bundle/ruby/3.3.0/gems/rake-13.3.0/lib/rake/application.rb:138:in `each'
/home/vantrong/Documents/PLATFORM_LETTA/CUSTOMER_DTU-SUPPORT-BE/vendor/bundle/ruby/3.3.0/gems/rake-13.3.0/lib/rake/application.rb:138:in `block in top_level'
/home/vantrong/Documents/PLATFORM_LETTA/CUSTOMER_DTU-SUPPORT-BE/vendor/bundle/ruby/3.3.0/gems/rake-13.3.0/lib/rake/application.rb:147:in `run_with_threads'
/home/vantrong/Documents/PLATFORM_LETTA/CUSTOMER_DTU-SUPPORT-BE/vendor/bundle/ruby/3.3.0/gems/rake-13.3.0/lib/rake/application.rb:132:in `top_level'
/home/vantrong/Documents/PLATFORM_LETTA/CUSTOMER_DTU-SUPPORT-BE/vendor/bundle/ruby/3.3.0/gems/railties-8.0.2/lib/rails/commands/rake/rake_command.rb:27:in `block (2 levels) in perform'
/home/vantrong/Documents/PLATFORM_LETTA/CUSTOMER_DTU-SUPPORT-BE/vendor/bundle/ruby/3.3.0/gems/rake-13.3.0/lib/rake/application.rb:214:in `standard_exception_handling'
/home/vantrong/Documents/PLATFORM_LETTA/CUSTOMER_DTU-SUPPORT-BE/vendor/bundle/ruby/3.3.0/gems/railties-8.0.2/lib/rails/commands/rake/rake_command.rb:27:in `block in perform'
/home/vantrong/Documents/PLATFORM_LETTA/CUSTOMER_DTU-SUPPORT-BE/vendor/bundle/ruby/3.3.0/gems/railties-8.0.2/lib/rails/commands/rake/rake_command.rb:44:in `block in with_rake'
/home/vantrong/Documents/PLATFORM_LETTA/CUSTOMER_DTU-SUPPORT-BE/vendor/bundle/ruby/3.3.0/gems/rake-13.3.0/lib/rake/rake_module.rb:59:in `with_application'
/home/vantrong/Documents/PLATFORM_LETTA/CUSTOMER_DTU-SUPPORT-BE/vendor/bundle/ruby/3.3.0/gems/railties-8.0.2/lib/rails/commands/rake/rake_command.rb:41:in `with_rake'
/home/vantrong/Documents/PLATFORM_LETTA/CUSTOMER_DTU-SUPPORT-BE/vendor/bundle/ruby/3.3.0/gems/railties-8.0.2/lib/rails/commands/rake/rake_command.rb:20:in `perform'
/home/vantrong/Documents/PLATFORM_LETTA/CUSTOMER_DTU-SUPPORT-BE/vendor/bundle/ruby/3.3.0/gems/railties-8.0.2/lib/rails/command.rb:150:in `invoke_rake'
/home/vantrong/Documents/PLATFORM_LETTA/CUSTOMER_DTU-SUPPORT-BE/vendor/bundle/ruby/3.3.0/gems/railties-8.0.2/lib/rails/command.rb:67:in `block in invoke'
/home/vantrong/Documents/PLATFORM_LETTA/CUSTOMER_DTU-SUPPORT-BE/vendor/bundle/ruby/3.3.0/gems/railties-8.0.2/lib/rails/command.rb:143:in `with_argv'
/home/vantrong/Documents/PLATFORM_LETTA/CUSTOMER_DTU-SUPPORT-BE/vendor/bundle/ruby/3.3.0/gems/railties-8.0.2/lib/rails/command.rb:63:in `invoke'
/home/vantrong/Documents/PLATFORM_LETTA/CUSTOMER_DTU-SUPPORT-BE/vendor/bundle/ruby/3.3.0/gems/railties-8.0.2/lib/rails/commands.rb:18:in `<main>'
/home/vantrong/.rvm/rubies/ruby-3.3.9/lib/ruby/3.3.0/bundled_gems.rb:69:in `require'
/home/vantrong/.rvm/rubies/ruby-3.3.9/lib/ruby/3.3.0/bundled_gems.rb:69:in `block (2 levels) in replace_require'
/home/vantrong/Documents/PLATFORM_LETTA/CUSTOMER_DTU-SUPPORT-BE/vendor/bundle/ruby/3.3.0/gems/bootsnap-1.18.6/lib/bootsnap/load_path_cache/core_ext/kernel_require.rb:30:in `require'
bin/rails:6:in `<main>'

Caused by:
PG::ConnectionBad: connection to server at "127.0.0.1", port 5432 failed: FATAL:  password authentication failed for user "postgres" (PG::ConnectionBad)
connection to server at "127.0.0.1", port 5432 failed: FATAL:  password authentication failed for user "postgres"
/home/vantrong/Documents/PLATFORM_LETTA/CUSTOMER_DTU-SUPPORT-BE/vendor/bundle/ruby/3.3.0/gems/pg-1.6.2-x86_64-linux/lib/pg/connection.rb:751:in `polling_loop'
/home/vantrong/Documents/PLATFORM_LETTA/CUSTOMER_DTU-SUPPORT-BE/vendor/bundle/ruby/3.3.0/gems/pg-1.6.2-x86_64-linux/lib/pg/connection.rb:795:in `async_connect_or_reset'
/home/vantrong/Documents/PLATFORM_LETTA/CUSTOMER_DTU-SUPPORT-BE/vendor/bundle/ruby/3.3.0/gems/pg-1.6.2-x86_64-linux/lib/pg/connection.rb:951:in `connect_to_hosts'
/home/vantrong/Documents/PLATFORM_LETTA/CUSTOMER_DTU-SUPPORT-BE/vendor/bundle/ruby/3.3.0/gems/pg-1.6.2-x86_64-linux/lib/pg/connection.rb:871:in `new'
/home/vantrong/Documents/PLATFORM_LETTA/CUSTOMER_DTU-SUPPORT-BE/vendor/bundle/ruby/3.3.0/gems/pg-1.6.2-x86_64-linux/lib/pg.rb:88:in `connect'
/home/vantrong/Documents/PLATFORM_LETTA/CUSTOMER_DTU-SUPPORT-BE/vendor/bundle/ruby/3.3.0/gems/activerecord-8.0.2/lib/active_record/connection_adapters/postgresql_adapter.rb:58:in `new_client'
/home/vantrong/Documents/PLATFORM_LETTA/CUSTOMER_DTU-SUPPORT-BE/vendor/bundle/ruby/3.3.0/gems/activerecord-8.0.2/lib/active_record/connection_adapters/postgresql_adapter.rb:939:in `connect'
/home/vantrong/Documents/PLATFORM_LETTA/CUSTOMER_DTU-SUPPORT-BE/vendor/bundle/ruby/3.3.0/gems/activerecord-8.0.2/lib/active_record/connection_adapters/postgresql_adapter.rb:951:in `reconnect'
/home/vantrong/Documents/PLATFORM_LETTA/CUSTOMER_DTU-SUPPORT-BE/vendor/bundle/ruby/3.3.0/gems/activerecord-8.0.2/lib/active_record/connection_adapters/abstract_adapter.rb:667:in `block in reconnect!'
/home/vantrong/Documents/PLATFORM_LETTA/CUSTOMER_DTU-SUPPORT-BE/vendor/bundle/ruby/3.3.0/gems/activesupport-8.0.2/lib/active_support/concurrency/null_lock.rb:9:in `synchronize'
/home/vantrong/Documents/PLATFORM_LETTA/CUSTOMER_DTU-SUPPORT-BE/vendor/bundle/ruby/3.3.0/gems/activerecord-8.0.2/lib/active_record/connection_adapters/abstract_adapter.rb:666:in `reconnect!'
/home/vantrong/Documents/PLATFORM_LETTA/CUSTOMER_DTU-SUPPORT-BE/vendor/bundle/ruby/3.3.0/gems/activerecord-8.0.2/lib/active_record/connection_adapters/abstract_adapter.rb:771:in `block in verify!'
/home/vantrong/Documents/PLATFORM_LETTA/CUSTOMER_DTU-SUPPORT-BE/vendor/bundle/ruby/3.3.0/gems/activesupport-8.0.2/lib/active_support/concurrency/null_lock.rb:9:in `synchronize'
/home/vantrong/Documents/PLATFORM_LETTA/CUSTOMER_DTU-SUPPORT-BE/vendor/bundle/ruby/3.3.0/gems/activerecord-8.0.2/lib/active_record/connection_adapters/abstract_adapter.rb:761:in `verify!'
/home/vantrong/Documents/PLATFORM_LETTA/CUSTOMER_DTU-SUPPORT-BE/vendor/bundle/ruby/3.3.0/gems/activerecord-8.0.2/lib/active_record/connection_adapters/abstract_adapter.rb:779:in `connect!'
/home/vantrong/Documents/PLATFORM_LETTA/CUSTOMER_DTU-SUPPORT-BE/vendor/bundle/ruby/3.3.0/gems/activerecord-8.0.2/lib/active_record/connection_adapters/abstract_adapter.rb:985:in `block in with_raw_connection'
/home/vantrong/Documents/PLATFORM_LETTA/CUSTOMER_DTU-SUPPORT-BE/vendor/bundle/ruby/3.3.0/gems/activesupport-8.0.2/lib/active_support/concurrency/null_lock.rb:9:in `synchronize'
/home/vantrong/Documents/PLATFORM_LETTA/CUSTOMER_DTU-SUPPORT-BE/vendor/bundle/ruby/3.3.0/gems/activerecord-8.0.2/lib/active_record/connection_adapters/abstract_adapter.rb:984:in `with_raw_connection'
/home/vantrong/Documents/PLATFORM_LETTA/CUSTOMER_DTU-SUPPORT-BE/vendor/bundle/ruby/3.3.0/gems/activerecord-8.0.2/lib/active_record/connection_adapters/postgresql/quoting.rb:128:in `quote_string'
/home/vantrong/Documents/PLATFORM_LETTA/CUSTOMER_DTU-SUPPORT-BE/vendor/bundle/ruby/3.3.0/gems/activerecord-8.0.2/lib/active_record/connection_adapters/abstract/quoting.rb:76:in `quote'
/home/vantrong/Documents/PLATFORM_LETTA/CUSTOMER_DTU-SUPPORT-BE/vendor/bundle/ruby/3.3.0/gems/activerecord-8.0.2/lib/active_record/connection_adapters/postgresql/quoting.rb:122:in `quote'
/home/vantrong/Documents/PLATFORM_LETTA/CUSTOMER_DTU-SUPPORT-BE/vendor/bundle/ruby/3.3.0/gems/activerecord-8.0.2/lib/active_record/connection_adapters/postgresql/schema_statements.rb:1142:in `quoted_scope'
/home/vantrong/Documents/PLATFORM_LETTA/CUSTOMER_DTU-SUPPORT-BE/vendor/bundle/ruby/3.3.0/gems/activerecord-8.0.2/lib/active_record/connection_adapters/postgresql/schema_statements.rb:1119:in `data_source_sql'
/home/vantrong/Documents/PLATFORM_LETTA/CUSTOMER_DTU-SUPPORT-BE/vendor/bundle/ruby/3.3.0/gems/activerecord-8.0.2/lib/active_record/connection_adapters/abstract/schema_statements.rb:45:in `data_source_exists?'
/home/vantrong/Documents/PLATFORM_LETTA/CUSTOMER_DTU-SUPPORT-BE/vendor/bundle/ruby/3.3.0/gems/activerecord-8.0.2/lib/active_record/schema_migration.rb:102:in `block in table_exists?'
/home/vantrong/Documents/PLATFORM_LETTA/CUSTOMER_DTU-SUPPORT-BE/vendor/bundle/ruby/3.3.0/gems/activerecord-8.0.2/lib/active_record/connection_adapters/abstract/connection_pool.rb:418:in `with_connection'
/home/vantrong/Documents/PLATFORM_LETTA/CUSTOMER_DTU-SUPPORT-BE/vendor/bundle/ruby/3.3.0/gems/activerecord-8.0.2/lib/active_record/schema_migration.rb:101:in `table_exists?'
/home/vantrong/Documents/PLATFORM_LETTA/CUSTOMER_DTU-SUPPORT-BE/vendor/bundle/ruby/3.3.0/gems/activerecord-8.0.2/lib/active_record/migration.rb:1283:in `get_all_versions'
/home/vantrong/Documents/PLATFORM_LETTA/CUSTOMER_DTU-SUPPORT-BE/vendor/bundle/ruby/3.3.0/gems/activerecord-8.0.2/lib/active_record/migration.rb:1291:in `current_version'
/home/vantrong/Documents/PLATFORM_LETTA/CUSTOMER_DTU-SUPPORT-BE/vendor/bundle/ruby/3.3.0/gems/activerecord-8.0.2/lib/active_record/migration.rb:1351:in `last_stored_environment'
/home/vantrong/Documents/PLATFORM_LETTA/CUSTOMER_DTU-SUPPORT-BE/vendor/bundle/ruby/3.3.0/gems/activerecord-8.0.2/lib/active_record/tasks/database_tasks.rb:639:in `block in check_current_protected_environment!'
/home/vantrong/Documents/PLATFORM_LETTA/CUSTOMER_DTU-SUPPORT-BE/vendor/bundle/ruby/3.3.0/gems/activerecord-8.0.2/lib/active_record/tasks/database_tasks.rb:546:in `with_temporary_pool'
/home/vantrong/Documents/PLATFORM_LETTA/CUSTOMER_DTU-SUPPORT-BE/vendor/bundle/ruby/3.3.0/gems/activerecord-8.0.2/lib/active_record/tasks/database_tasks.rb:636:in `check_current_protected_environment!'
/home/vantrong/Documents/PLATFORM_LETTA/CUSTOMER_DTU-SUPPORT-BE/vendor/bundle/ruby/3.3.0/gems/activerecord-8.0.2/lib/active_record/tasks/database_tasks.rb:69:in `block in check_protected_environments!'
/home/vantrong/Documents/PLATFORM_LETTA/CUSTOMER_DTU-SUPPORT-BE/vendor/bundle/ruby/3.3.0/gems/activerecord-8.0.2/lib/active_record/tasks/database_tasks.rb:68:in `each'
/home/vantrong/Documents/PLATFORM_LETTA/CUSTOMER_DTU-SUPPORT-BE/vendor/bundle/ruby/3.3.0/gems/activerecord-8.0.2/lib/active_record/tasks/database_tasks.rb:68:in `check_protected_environments!'
/home/vantrong/Documents/PLATFORM_LETTA/CUSTOMER_DTU-SUPPORT-BE/vendor/bundle/ruby/3.3.0/gems/activerecord-8.0.2/lib/active_record/railties/databases.rake:19:in `block (2 levels) in <main>'
/home/vantrong/Documents/PLATFORM_LETTA/CUSTOMER_DTU-SUPPORT-BE/vendor/bundle/ruby/3.3.0/gems/rake-13.3.0/lib/rake/task.rb:281:in `block in execute'
/home/vantrong/Documents/PLATFORM_LETTA/CUSTOMER_DTU-SUPPORT-BE/vendor/bundle/ruby/3.3.0/gems/rake-13.3.0/lib/rake/task.rb:281:in `each'
/home/vantrong/Documents/PLATFORM_LETTA/CUSTOMER_DTU-SUPPORT-BE/vendor/bundle/ruby/3.3.0/gems/rake-13.3.0/lib/rake/task.rb:281:in `execute'
/home/vantrong/Documents/PLATFORM_LETTA/CUSTOMER_DTU-SUPPORT-BE/vendor/bundle/ruby/3.3.0/gems/rake-13.3.0/lib/rake/task.rb:219:in `block in invoke_with_call_chain'
/home/vantrong/Documents/PLATFORM_LETTA/CUSTOMER_DTU-SUPPORT-BE/vendor/bundle/ruby/3.3.0/gems/rake-13.3.0/lib/rake/task.rb:199:in `synchronize'
/home/vantrong/Documents/PLATFORM_LETTA/CUSTOMER_DTU-SUPPORT-BE/vendor/bundle/ruby/3.3.0/gems/rake-13.3.0/lib/rake/task.rb:199:in `invoke_with_call_chain'
/home/vantrong/Documents/PLATFORM_LETTA/CUSTOMER_DTU-SUPPORT-BE/vendor/bundle/ruby/3.3.0/gems/rake-13.3.0/lib/rake/task.rb:243:in `block in invoke_prerequisites'
/home/vantrong/Documents/PLATFORM_LETTA/CUSTOMER_DTU-SUPPORT-BE/vendor/bundle/ruby/3.3.0/gems/rake-13.3.0/lib/rake/task.rb:241:in `each'
/home/vantrong/Documents/PLATFORM_LETTA/CUSTOMER_DTU-SUPPORT-BE/vendor/bundle/ruby/3.3.0/gems/rake-13.3.0/lib/rake/task.rb:241:in `invoke_prerequisites'
/home/vantrong/Documents/PLATFORM_LETTA/CUSTOMER_DTU-SUPPORT-BE/vendor/bundle/ruby/3.3.0/gems/rake-13.3.0/lib/rake/task.rb:218:in `block in invoke_with_call_chain'
/home/vantrong/Documents/PLATFORM_LETTA/CUSTOMER_DTU-SUPPORT-BE/vendor/bundle/ruby/3.3.0/gems/rake-13.3.0/lib/rake/task.rb:199:in `synchronize'
/home/vantrong/Documents/PLATFORM_LETTA/CUSTOMER_DTU-SUPPORT-BE/vendor/bundle/ruby/3.3.0/gems/rake-13.3.0/lib/rake/task.rb:199:in `invoke_with_call_chain'
/home/vantrong/Documents/PLATFORM_LETTA/CUSTOMER_DTU-SUPPORT-BE/vendor/bundle/ruby/3.3.0/gems/rake-13.3.0/lib/rake/task.rb:188:in `invoke'
/home/vantrong/Documents/PLATFORM_LETTA/CUSTOMER_DTU-SUPPORT-BE/vendor/bundle/ruby/3.3.0/gems/rake-13.3.0/lib/rake/application.rb:188:in `invoke_task'
/home/vantrong/Documents/PLATFORM_LETTA/CUSTOMER_DTU-SUPPORT-BE/vendor/bundle/ruby/3.3.0/gems/rake-13.3.0/lib/rake/application.rb:138:in `block (2 levels) in top_level'
/home/vantrong/Documents/PLATFORM_LETTA/CUSTOMER_DTU-SUPPORT-BE/vendor/bundle/ruby/3.3.0/gems/rake-13.3.0/lib/rake/application.rb:138:in `each'
/home/vantrong/Documents/PLATFORM_LETTA/CUSTOMER_DTU-SUPPORT-BE/vendor/bundle/ruby/3.3.0/gems/rake-13.3.0/lib/rake/application.rb:138:in `block in top_level'
/home/vantrong/Documents/PLATFORM_LETTA/CUSTOMER_DTU-SUPPORT-BE/vendor/bundle/ruby/3.3.0/gems/rake-13.3.0/lib/rake/application.rb:147:in `run_with_threads'
/home/vantrong/Documents/PLATFORM_LETTA/CUSTOMER_DTU-SUPPORT-BE/vendor/bundle/ruby/3.3.0/gems/rake-13.3.0/lib/rake/application.rb:132:in `top_level'
/home/vantrong/Documents/PLATFORM_LETTA/CUSTOMER_DTU-SUPPORT-BE/vendor/bundle/ruby/3.3.0/gems/railties-8.0.2/lib/rails/commands/rake/rake_command.rb:27:in `block (2 levels) in perform'
/home/vantrong/Documents/PLATFORM_LETTA/CUSTOMER_DTU-SUPPORT-BE/vendor/bundle/ruby/3.3.0/gems/rake-13.3.0/lib/rake/application.rb:214:in `standard_exception_handling'
/home/vantrong/Documents/PLATFORM_LETTA/CUSTOMER_DTU-SUPPORT-BE/vendor/bundle/ruby/3.3.0/gems/railties-8.0.2/lib/rails/commands/rake/rake_command.rb:27:in `block in perform'
/home/vantrong/Documents/PLATFORM_LETTA/CUSTOMER_DTU-SUPPORT-BE/vendor/bundle/ruby/3.3.0/gems/railties-8.0.2/lib/rails/commands/rake/rake_command.rb:44:in `block in with_rake'
/home/vantrong/Documents/PLATFORM_LETTA/CUSTOMER_DTU-SUPPORT-BE/vendor/bundle/ruby/3.3.0/gems/rake-13.3.0/lib/rake/rake_module.rb:59:in `with_application'
/home/vantrong/Documents/PLATFORM_LETTA/CUSTOMER_DTU-SUPPORT-BE/vendor/bundle/ruby/3.3.0/gems/railties-8.0.2/lib/rails/commands/rake/rake_command.rb:41:in `with_rake'
/home/vantrong/Documents/PLATFORM_LETTA/CUSTOMER_DTU-SUPPORT-BE/vendor/bundle/ruby/3.3.0/gems/railties-8.0.2/lib/rails/commands/rake/rake_command.rb:20:in `perform'
/home/vantrong/Documents/PLATFORM_LETTA/CUSTOMER_DTU-SUPPORT-BE/vendor/bundle/ruby/3.3.0/gems/railties-8.0.2/lib/rails/command.rb:150:in `invoke_rake'
/home/vantrong/Documents/PLATFORM_LETTA/CUSTOMER_DTU-SUPPORT-BE/vendor/bundle/ruby/3.3.0/gems/railties-8.0.2/lib/rails/command.rb:67:in `block in invoke'
/home/vantrong/Documents/PLATFORM_LETTA/CUSTOMER_DTU-SUPPORT-BE/vendor/bundle/ruby/3.3.0/gems/railties-8.0.2/lib/rails/command.rb:143:in `with_argv'
/home/vantrong/Documents/PLATFORM_LETTA/CUSTOMER_DTU-SUPPORT-BE/vendor/bundle/ruby/3.3.0/gems/railties-8.0.2/lib/rails/command.rb:63:in `invoke'
/home/vantrong/Documents/PLATFORM_LETTA/CUSTOMER_DTU-SUPPORT-BE/vendor/bundle/ruby/3.3.0/gems/railties-8.0.2/lib/rails/commands.rb:18:in `<main>'
/home/vantrong/.rvm/rubies/ruby-3.3.9/lib/ruby/3.3.0/bundled_gems.rb:69:in `require'
/home/vantrong/.rvm/rubies/ruby-3.3.9/lib/ruby/3.3.0/bundled_gems.rb:69:in `block (2 levels) in replace_require'
/home/vantrong/Documents/PLATFORM_LETTA/CUSTOMER_DTU-SUPPORT-BE/vendor/bundle/ruby/3.3.0/gems/bootsnap-1.18.6/lib/bootsnap/load_path_cache/core_ext/kernel_require.rb:30:in `require'
bin/rails:6:in `<main>'
Tasks: TOP => db:drop => db:check_protected_environments
