** Invoke db:migrate (first_time)
** Invoke db:load_config (first_time)
** Invoke environment (first_time)
** Execute environment
** Execute db:load_config
** Execute db:migrate
bin/rails aborted!
StandardError: An error has occurred, this and all later migrations canceled: (StandardError)

PG::DependentObjectsStillExist: ERROR:  cannot drop table subscription_plans because other objects depend on it
DETAIL:  constraint fk_rails_e2413b5781 on table users depends on table subscription_plans
HINT:  Use DROP ... CASCADE to drop the dependent objects too.
/home/vantrong/Documents/PLATFORM_LETTA/CUSTOMER_DTU-SUPPORT-BE/vendor/bundle/ruby/3.3.0/gems/activerecord-8.0.2/lib/active_record/connection_adapters/postgresql/database_statements.rb:160:in `exec'
/home/vantrong/Documents/PLATFORM_LETTA/CUSTOMER_DTU-SUPPORT-BE/vendor/bundle/ruby/3.3.0/gems/activerecord-8.0.2/lib/active_record/connection_adapters/postgresql/database_statements.rb:160:in `perform_query'
/home/vantrong/Documents/PLATFORM_LETTA/CUSTOMER_DTU-SUPPORT-BE/vendor/bundle/ruby/3.3.0/gems/activerecord-8.0.2/lib/active_record/connection_adapters/abstract/database_statements.rb:556:in `block (2 levels) in raw_execute'
/home/vantrong/Documents/PLATFORM_LETTA/CUSTOMER_DTU-SUPPORT-BE/vendor/bundle/ruby/3.3.0/gems/activerecord-8.0.2/lib/active_record/connection_adapters/abstract_adapter.rb:1015:in `block in with_raw_connection'
/home/vantrong/Documents/PLATFORM_LETTA/CUSTOMER_DTU-SUPPORT-BE/vendor/bundle/ruby/3.3.0/gems/activesupport-8.0.2/lib/active_support/concurrency/null_lock.rb:9:in `synchronize'
/home/vantrong/Documents/PLATFORM_LETTA/CUSTOMER_DTU-SUPPORT-BE/vendor/bundle/ruby/3.3.0/gems/activerecord-8.0.2/lib/active_record/connection_adapters/abstract_adapter.rb:984:in `with_raw_connection'
/home/vantrong/Documents/PLATFORM_LETTA/CUSTOMER_DTU-SUPPORT-BE/vendor/bundle/ruby/3.3.0/gems/activerecord-8.0.2/lib/active_record/connection_adapters/abstract/database_statements.rb:555:in `block in raw_execute'
/home/vantrong/Documents/PLATFORM_LETTA/CUSTOMER_DTU-SUPPORT-BE/vendor/bundle/ruby/3.3.0/gems/activesupport-8.0.2/lib/active_support/notifications/instrumenter.rb:58:in `instrument'
/home/vantrong/Documents/PLATFORM_LETTA/CUSTOMER_DTU-SUPPORT-BE/vendor/bundle/ruby/3.3.0/gems/activerecord-8.0.2/lib/active_record/connection_adapters/abstract_adapter.rb:1135:in `log'
/home/vantrong/Documents/PLATFORM_LETTA/CUSTOMER_DTU-SUPPORT-BE/vendor/bundle/ruby/3.3.0/gems/activerecord-8.0.2/lib/active_record/connection_adapters/abstract/database_statements.rb:554:in `raw_execute'
/home/vantrong/Documents/PLATFORM_LETTA/CUSTOMER_DTU-SUPPORT-BE/vendor/bundle/ruby/3.3.0/gems/activerecord-8.0.2/lib/active_record/connection_adapters/abstract/database_statements.rb:591:in `internal_execute'
/home/vantrong/Documents/PLATFORM_LETTA/CUSTOMER_DTU-SUPPORT-BE/vendor/bundle/ruby/3.3.0/gems/activerecord-8.0.2/lib/active_record/connection_adapters/abstract/database_statements.rb:137:in `execute'
/home/vantrong/Documents/PLATFORM_LETTA/CUSTOMER_DTU-SUPPORT-BE/vendor/bundle/ruby/3.3.0/gems/activerecord-8.0.2/lib/active_record/connection_adapters/abstract/query_cache.rb:27:in `execute'
/home/vantrong/Documents/PLATFORM_LETTA/CUSTOMER_DTU-SUPPORT-BE/vendor/bundle/ruby/3.3.0/gems/activerecord-8.0.2/lib/active_record/connection_adapters/postgresql/database_statements.rb:40:in `execute'
/home/vantrong/Documents/PLATFORM_LETTA/CUSTOMER_DTU-SUPPORT-BE/vendor/bundle/ruby/3.3.0/gems/activerecord-8.0.2/lib/active_record/connection_adapters/postgresql/schema_statements.rb:59:in `drop_table'
/home/vantrong/Documents/PLATFORM_LETTA/CUSTOMER_DTU-SUPPORT-BE/vendor/bundle/ruby/3.3.0/gems/activerecord-8.0.2/lib/active_record/migration/default_strategy.rb:10:in `method_missing'
/home/vantrong/Documents/PLATFORM_LETTA/CUSTOMER_DTU-SUPPORT-BE/vendor/bundle/ruby/3.3.0/gems/activerecord-8.0.2/lib/active_record/migration.rb:1056:in `block in method_missing'
/home/vantrong/Documents/PLATFORM_LETTA/CUSTOMER_DTU-SUPPORT-BE/vendor/bundle/ruby/3.3.0/gems/activerecord-8.0.2/lib/active_record/migration.rb:1022:in `block in say_with_time'
/home/vantrong/Documents/PLATFORM_LETTA/CUSTOMER_DTU-SUPPORT-BE/vendor/bundle/ruby/3.3.0/gems/activesupport-8.0.2/lib/active_support/benchmark.rb:17:in `realtime'
/home/vantrong/Documents/PLATFORM_LETTA/CUSTOMER_DTU-SUPPORT-BE/vendor/bundle/ruby/3.3.0/gems/activerecord-8.0.2/lib/active_record/migration.rb:1022:in `say_with_time'
/home/vantrong/Documents/PLATFORM_LETTA/CUSTOMER_DTU-SUPPORT-BE/vendor/bundle/ruby/3.3.0/gems/activerecord-8.0.2/lib/active_record/migration.rb:1045:in `method_missing'
/home/vantrong/Documents/PLATFORM_LETTA/CUSTOMER_DTU-SUPPORT-BE/vendor/bundle/ruby/3.3.0/gems/activerecord-8.0.2/lib/active_record/migration.rb:608:in `drop_table'
/home/vantrong/Documents/PLATFORM_LETTA/CUSTOMER_DTU-SUPPORT-BE/db/migrate/20251219000000_remove_payment_and_subscription_tables.rb:6:in `change'
/home/vantrong/Documents/PLATFORM_LETTA/CUSTOMER_DTU-SUPPORT-BE/vendor/bundle/ruby/3.3.0/gems/activerecord-8.0.2/lib/active_record/migration.rb:991:in `exec_migration'
/home/vantrong/Documents/PLATFORM_LETTA/CUSTOMER_DTU-SUPPORT-BE/vendor/bundle/ruby/3.3.0/gems/activerecord-8.0.2/lib/active_record/migration.rb:975:in `block (2 levels) in migrate'
/home/vantrong/Documents/PLATFORM_LETTA/CUSTOMER_DTU-SUPPORT-BE/vendor/bundle/ruby/3.3.0/gems/activesupport-8.0.2/lib/active_support/benchmark.rb:17:in `realtime'
/home/vantrong/Documents/PLATFORM_LETTA/CUSTOMER_DTU-SUPPORT-BE/vendor/bundle/ruby/3.3.0/gems/activerecord-8.0.2/lib/active_record/migration.rb:974:in `block in migrate'
/home/vantrong/Documents/PLATFORM_LETTA/CUSTOMER_DTU-SUPPORT-BE/vendor/bundle/ruby/3.3.0/gems/activerecord-8.0.2/lib/active_record/connection_adapters/abstract/connection_pool.rb:412:in `with_connection'
/home/vantrong/Documents/PLATFORM_LETTA/CUSTOMER_DTU-SUPPORT-BE/vendor/bundle/ruby/3.3.0/gems/activerecord-8.0.2/lib/active_record/migration.rb:973:in `migrate'
/home/vantrong/Documents/PLATFORM_LETTA/CUSTOMER_DTU-SUPPORT-BE/vendor/bundle/ruby/3.3.0/gems/activerecord-8.0.2/lib/active_record/migration.rb:1187:in `migrate'
/home/vantrong/Documents/PLATFORM_LETTA/CUSTOMER_DTU-SUPPORT-BE/vendor/bundle/ruby/3.3.0/gems/activerecord-8.0.2/lib/active_record/migration.rb:1535:in `block in execute_migration_in_transaction'
/home/vantrong/Documents/PLATFORM_LETTA/CUSTOMER_DTU-SUPPORT-BE/vendor/bundle/ruby/3.3.0/gems/activerecord-8.0.2/lib/active_record/connection_adapters/abstract/transaction.rb:626:in `block in within_new_transaction'
/home/vantrong/Documents/PLATFORM_LETTA/CUSTOMER_DTU-SUPPORT-BE/vendor/bundle/ruby/3.3.0/gems/activesupport-8.0.2/lib/active_support/concurrency/null_lock.rb:9:in `synchronize'
/home/vantrong/Documents/PLATFORM_LETTA/CUSTOMER_DTU-SUPPORT-BE/vendor/bundle/ruby/3.3.0/gems/activerecord-8.0.2/lib/active_record/connection_adapters/abstract/transaction.rb:623:in `within_new_transaction'
/home/vantrong/Documents/PLATFORM_LETTA/CUSTOMER_DTU-SUPPORT-BE/vendor/bundle/ruby/3.3.0/gems/activerecord-8.0.2/lib/active_record/connection_adapters/abstract/database_statements.rb:367:in `within_new_transaction'
/home/vantrong/Documents/PLATFORM_LETTA/CUSTOMER_DTU-SUPPORT-BE/vendor/bundle/ruby/3.3.0/gems/activerecord-8.0.2/lib/active_record/connection_adapters/abstract/database_statements.rb:359:in `transaction'
/home/vantrong/Documents/PLATFORM_LETTA/CUSTOMER_DTU-SUPPORT-BE/vendor/bundle/ruby/3.3.0/gems/activerecord-8.0.2/lib/active_record/migration.rb:1586:in `ddl_transaction'
/home/vantrong/Documents/PLATFORM_LETTA/CUSTOMER_DTU-SUPPORT-BE/vendor/bundle/ruby/3.3.0/gems/activerecord-8.0.2/lib/active_record/migration.rb:1534:in `execute_migration_in_transaction'
/home/vantrong/Documents/PLATFORM_LETTA/CUSTOMER_DTU-SUPPORT-BE/vendor/bundle/ruby/3.3.0/gems/activerecord-8.0.2/lib/active_record/migration.rb:1509:in `each'
/home/vantrong/Documents/PLATFORM_LETTA/CUSTOMER_DTU-SUPPORT-BE/vendor/bundle/ruby/3.3.0/gems/activerecord-8.0.2/lib/active_record/migration.rb:1509:in `migrate_without_lock'
/home/vantrong/Documents/PLATFORM_LETTA/CUSTOMER_DTU-SUPPORT-BE/vendor/bundle/ruby/3.3.0/gems/activerecord-8.0.2/lib/active_record/migration.rb:1454:in `block in migrate'
/home/vantrong/Documents/PLATFORM_LETTA/CUSTOMER_DTU-SUPPORT-BE/vendor/bundle/ruby/3.3.0/gems/activerecord-8.0.2/lib/active_record/migration.rb:1606:in `with_advisory_lock'
/home/vantrong/Documents/PLATFORM_LETTA/CUSTOMER_DTU-SUPPORT-BE/vendor/bundle/ruby/3.3.0/gems/activerecord-8.0.2/lib/active_record/migration.rb:1454:in `migrate'
/home/vantrong/Documents/PLATFORM_LETTA/CUSTOMER_DTU-SUPPORT-BE/vendor/bundle/ruby/3.3.0/gems/activerecord-8.0.2/lib/active_record/migration.rb:1261:in `up'
/home/vantrong/Documents/PLATFORM_LETTA/CUSTOMER_DTU-SUPPORT-BE/vendor/bundle/ruby/3.3.0/gems/activerecord-8.0.2/lib/active_record/migration.rb:1236:in `migrate'
/home/vantrong/Documents/PLATFORM_LETTA/CUSTOMER_DTU-SUPPORT-BE/vendor/bundle/ruby/3.3.0/gems/activerecord-8.0.2/lib/active_record/tasks/database_tasks.rb:270:in `migrate'
/home/vantrong/Documents/PLATFORM_LETTA/CUSTOMER_DTU-SUPPORT-BE/vendor/bundle/ruby/3.3.0/gems/activerecord-8.0.2/lib/active_record/tasks/database_tasks.rb:248:in `migrate_all'
/home/vantrong/Documents/PLATFORM_LETTA/CUSTOMER_DTU-SUPPORT-BE/vendor/bundle/ruby/3.3.0/gems/activerecord-8.0.2/lib/active_record/railties/databases.rake:90:in `block (2 levels) in <main>'
/home/vantrong/Documents/PLATFORM_LETTA/CUSTOMER_DTU-SUPPORT-BE/vendor/bundle/ruby/3.3.0/gems/rake-13.3.0/lib/rake/task.rb:281:in `block in execute'
/home/vantrong/Documents/PLATFORM_LETTA/CUSTOMER_DTU-SUPPORT-BE/vendor/bundle/ruby/3.3.0/gems/rake-13.3.0/lib/rake/task.rb:281:in `each'
/home/vantrong/Documents/PLATFORM_LETTA/CUSTOMER_DTU-SUPPORT-BE/vendor/bundle/ruby/3.3.0/gems/rake-13.3.0/lib/rake/task.rb:281:in `execute'
/home/vantrong/Documents/PLATFORM_LETTA/CUSTOMER_DTU-SUPPORT-BE/vendor/bundle/ruby/3.3.0/gems/rake-13.3.0/lib/rake/task.rb:219:in `block in invoke_with_call_chain'
/home/vantrong/Documents/PLATFORM_LETTA/CUSTOMER_DTU-SUPPORT-BE/vendor/bundle/ruby/3.3.0/gems/rake-13.3.0/lib/rake/task.rb:199:in `synchronize'
/home/vantrong/Documents/PLATFORM_LETTA/CUSTOMER_DTU-SUPPORT-BE/vendor/bundle/ruby/3.3.0/gems/rake-13.3.0/lib/rake/task.rb:199:in `invoke_with_call_chain'
/home/vantrong/Documents/PLATFORM_LETTA/CUSTOMER_DTU-SUPPORT-BE/vendor/bundle/ruby/3.3.0/gems/rake-13.3.0/lib/rake/task.rb:188:in `invoke'
/home/vantrong/Documents/PLATFORM_LETTA/CUSTOMER_DTU-SUPPORT-BE/vendor/bundle/ruby/3.3.0/gems/rake-13.3.0/lib/rake/application.rb:188:in `invoke_task'
/home/vantrong/Documents/PLATFORM_LETTA/CUSTOMER_DTU-SUPPORT-BE/vendor/bundle/ruby/3.3.0/gems/rake-13.3.0/lib/rake/application.rb:138:in `block (2 levels) in top_level'
/home/vantrong/Documents/PLATFORM_LETTA/CUSTOMER_DTU-SUPPORT-BE/vendor/bundle/ruby/3.3.0/gems/rake-13.3.0/lib/rake/application.rb:138:in `each'
/home/vantrong/Documents/PLATFORM_LETTA/CUSTOMER_DTU-SUPPORT-BE/vendor/bundle/ruby/3.3.0/gems/rake-13.3.0/lib/rake/application.rb:138:in `block in top_level'
/home/vantrong/Documents/PLATFORM_LETTA/CUSTOMER_DTU-SUPPORT-BE/vendor/bundle/ruby/3.3.0/gems/rake-13.3.0/lib/rake/application.rb:147:in `run_with_threads'
/home/vantrong/Documents/PLATFORM_LETTA/CUSTOMER_DTU-SUPPORT-BE/vendor/bundle/ruby/3.3.0/gems/rake-13.3.0/lib/rake/application.rb:132:in `top_level'
/home/vantrong/Documents/PLATFORM_LETTA/CUSTOMER_DTU-SUPPORT-BE/vendor/bundle/ruby/3.3.0/gems/railties-8.0.2/lib/rails/commands/rake/rake_command.rb:27:in `block (2 levels) in perform'
/home/vantrong/Documents/PLATFORM_LETTA/CUSTOMER_DTU-SUPPORT-BE/vendor/bundle/ruby/3.3.0/gems/rake-13.3.0/lib/rake/application.rb:214:in `standard_exception_handling'
/home/vantrong/Documents/PLATFORM_LETTA/CUSTOMER_DTU-SUPPORT-BE/vendor/bundle/ruby/3.3.0/gems/railties-8.0.2/lib/rails/commands/rake/rake_command.rb:27:in `block in perform'
/home/vantrong/Documents/PLATFORM_LETTA/CUSTOMER_DTU-SUPPORT-BE/vendor/bundle/ruby/3.3.0/gems/railties-8.0.2/lib/rails/commands/rake/rake_command.rb:44:in `block in with_rake'
/home/vantrong/Documents/PLATFORM_LETTA/CUSTOMER_DTU-SUPPORT-BE/vendor/bundle/ruby/3.3.0/gems/rake-13.3.0/lib/rake/rake_module.rb:59:in `with_application'
/home/vantrong/Documents/PLATFORM_LETTA/CUSTOMER_DTU-SUPPORT-BE/vendor/bundle/ruby/3.3.0/gems/railties-8.0.2/lib/rails/commands/rake/rake_command.rb:41:in `with_rake'
/home/vantrong/Documents/PLATFORM_LETTA/CUSTOMER_DTU-SUPPORT-BE/vendor/bundle/ruby/3.3.0/gems/railties-8.0.2/lib/rails/commands/rake/rake_command.rb:20:in `perform'
/home/vantrong/Documents/PLATFORM_LETTA/CUSTOMER_DTU-SUPPORT-BE/vendor/bundle/ruby/3.3.0/gems/railties-8.0.2/lib/rails/command.rb:150:in `invoke_rake'
/home/vantrong/Documents/PLATFORM_LETTA/CUSTOMER_DTU-SUPPORT-BE/vendor/bundle/ruby/3.3.0/gems/railties-8.0.2/lib/rails/command.rb:67:in `block in invoke'
/home/vantrong/Documents/PLATFORM_LETTA/CUSTOMER_DTU-SUPPORT-BE/vendor/bundle/ruby/3.3.0/gems/railties-8.0.2/lib/rails/command.rb:143:in `with_argv'
/home/vantrong/Documents/PLATFORM_LETTA/CUSTOMER_DTU-SUPPORT-BE/vendor/bundle/ruby/3.3.0/gems/railties-8.0.2/lib/rails/command.rb:63:in `invoke'
/home/vantrong/Documents/PLATFORM_LETTA/CUSTOMER_DTU-SUPPORT-BE/vendor/bundle/ruby/3.3.0/gems/railties-8.0.2/lib/rails/commands.rb:18:in `<main>'
/home/vantrong/.rvm/rubies/ruby-3.3.9/lib/ruby/3.3.0/bundled_gems.rb:69:in `require'
/home/vantrong/.rvm/rubies/ruby-3.3.9/lib/ruby/3.3.0/bundled_gems.rb:69:in `block (2 levels) in replace_require'
/home/vantrong/Documents/PLATFORM_LETTA/CUSTOMER_DTU-SUPPORT-BE/vendor/bundle/ruby/3.3.0/gems/bootsnap-1.18.6/lib/bootsnap/load_path_cache/core_ext/kernel_require.rb:30:in `require'
bin/rails:6:in `<main>'

Caused by:
ActiveRecord::StatementInvalid: PG::DependentObjectsStillExist: ERROR:  cannot drop table subscription_plans because other objects depend on it (ActiveRecord::StatementInvalid)
DETAIL:  constraint fk_rails_e2413b5781 on table users depends on table subscription_plans
HINT:  Use DROP ... CASCADE to drop the dependent objects too.
/home/vantrong/Documents/PLATFORM_LETTA/CUSTOMER_DTU-SUPPORT-BE/vendor/bundle/ruby/3.3.0/gems/activerecord-8.0.2/lib/active_record/connection_adapters/postgresql/database_statements.rb:160:in `exec'
/home/vantrong/Documents/PLATFORM_LETTA/CUSTOMER_DTU-SUPPORT-BE/vendor/bundle/ruby/3.3.0/gems/activerecord-8.0.2/lib/active_record/connection_adapters/postgresql/database_statements.rb:160:in `perform_query'
/home/vantrong/Documents/PLATFORM_LETTA/CUSTOMER_DTU-SUPPORT-BE/vendor/bundle/ruby/3.3.0/gems/activerecord-8.0.2/lib/active_record/connection_adapters/abstract/database_statements.rb:556:in `block (2 levels) in raw_execute'
/home/vantrong/Documents/PLATFORM_LETTA/CUSTOMER_DTU-SUPPORT-BE/vendor/bundle/ruby/3.3.0/gems/activerecord-8.0.2/lib/active_record/connection_adapters/abstract_adapter.rb:1015:in `block in with_raw_connection'
/home/vantrong/Documents/PLATFORM_LETTA/CUSTOMER_DTU-SUPPORT-BE/vendor/bundle/ruby/3.3.0/gems/activesupport-8.0.2/lib/active_support/concurrency/null_lock.rb:9:in `synchronize'
/home/vantrong/Documents/PLATFORM_LETTA/CUSTOMER_DTU-SUPPORT-BE/vendor/bundle/ruby/3.3.0/gems/activerecord-8.0.2/lib/active_record/connection_adapters/abstract_adapter.rb:984:in `with_raw_connection'
/home/vantrong/Documents/PLATFORM_LETTA/CUSTOMER_DTU-SUPPORT-BE/vendor/bundle/ruby/3.3.0/gems/activerecord-8.0.2/lib/active_record/connection_adapters/abstract/database_statements.rb:555:in `block in raw_execute'
/home/vantrong/Documents/PLATFORM_LETTA/CUSTOMER_DTU-SUPPORT-BE/vendor/bundle/ruby/3.3.0/gems/activesupport-8.0.2/lib/active_support/notifications/instrumenter.rb:58:in `instrument'
/home/vantrong/Documents/PLATFORM_LETTA/CUSTOMER_DTU-SUPPORT-BE/vendor/bundle/ruby/3.3.0/gems/activerecord-8.0.2/lib/active_record/connection_adapters/abstract_adapter.rb:1135:in `log'
/home/vantrong/Documents/PLATFORM_LETTA/CUSTOMER_DTU-SUPPORT-BE/vendor/bundle/ruby/3.3.0/gems/activerecord-8.0.2/lib/active_record/connection_adapters/abstract/database_statements.rb:554:in `raw_execute'
/home/vantrong/Documents/PLATFORM_LETTA/CUSTOMER_DTU-SUPPORT-BE/vendor/bundle/ruby/3.3.0/gems/activerecord-8.0.2/lib/active_record/connection_adapters/abstract/database_statements.rb:591:in `internal_execute'
/home/vantrong/Documents/PLATFORM_LETTA/CUSTOMER_DTU-SUPPORT-BE/vendor/bundle/ruby/3.3.0/gems/activerecord-8.0.2/lib/active_record/connection_adapters/abstract/database_statements.rb:137:in `execute'
/home/vantrong/Documents/PLATFORM_LETTA/CUSTOMER_DTU-SUPPORT-BE/vendor/bundle/ruby/3.3.0/gems/activerecord-8.0.2/lib/active_record/connection_adapters/abstract/query_cache.rb:27:in `execute'
/home/vantrong/Documents/PLATFORM_LETTA/CUSTOMER_DTU-SUPPORT-BE/vendor/bundle/ruby/3.3.0/gems/activerecord-8.0.2/lib/active_record/connection_adapters/postgresql/database_statements.rb:40:in `execute'
/home/vantrong/Documents/PLATFORM_LETTA/CUSTOMER_DTU-SUPPORT-BE/vendor/bundle/ruby/3.3.0/gems/activerecord-8.0.2/lib/active_record/connection_adapters/postgresql/schema_statements.rb:59:in `drop_table'
/home/vantrong/Documents/PLATFORM_LETTA/CUSTOMER_DTU-SUPPORT-BE/vendor/bundle/ruby/3.3.0/gems/activerecord-8.0.2/lib/active_record/migration/default_strategy.rb:10:in `method_missing'
/home/vantrong/Documents/PLATFORM_LETTA/CUSTOMER_DTU-SUPPORT-BE/vendor/bundle/ruby/3.3.0/gems/activerecord-8.0.2/lib/active_record/migration.rb:1056:in `block in method_missing'
/home/vantrong/Documents/PLATFORM_LETTA/CUSTOMER_DTU-SUPPORT-BE/vendor/bundle/ruby/3.3.0/gems/activerecord-8.0.2/lib/active_record/migration.rb:1022:in `block in say_with_time'
/home/vantrong/Documents/PLATFORM_LETTA/CUSTOMER_DTU-SUPPORT-BE/vendor/bundle/ruby/3.3.0/gems/activesupport-8.0.2/lib/active_support/benchmark.rb:17:in `realtime'
/home/vantrong/Documents/PLATFORM_LETTA/CUSTOMER_DTU-SUPPORT-BE/vendor/bundle/ruby/3.3.0/gems/activerecord-8.0.2/lib/active_record/migration.rb:1022:in `say_with_time'
/home/vantrong/Documents/PLATFORM_LETTA/CUSTOMER_DTU-SUPPORT-BE/vendor/bundle/ruby/3.3.0/gems/activerecord-8.0.2/lib/active_record/migration.rb:1045:in `method_missing'
/home/vantrong/Documents/PLATFORM_LETTA/CUSTOMER_DTU-SUPPORT-BE/vendor/bundle/ruby/3.3.0/gems/activerecord-8.0.2/lib/active_record/migration.rb:608:in `drop_table'
/home/vantrong/Documents/PLATFORM_LETTA/CUSTOMER_DTU-SUPPORT-BE/db/migrate/20251219000000_remove_payment_and_subscription_tables.rb:6:in `change'
/home/vantrong/Documents/PLATFORM_LETTA/CUSTOMER_DTU-SUPPORT-BE/vendor/bundle/ruby/3.3.0/gems/activerecord-8.0.2/lib/active_record/migration.rb:991:in `exec_migration'
/home/vantrong/Documents/PLATFORM_LETTA/CUSTOMER_DTU-SUPPORT-BE/vendor/bundle/ruby/3.3.0/gems/activerecord-8.0.2/lib/active_record/migration.rb:975:in `block (2 levels) in migrate'
/home/vantrong/Documents/PLATFORM_LETTA/CUSTOMER_DTU-SUPPORT-BE/vendor/bundle/ruby/3.3.0/gems/activesupport-8.0.2/lib/active_support/benchmark.rb:17:in `realtime'
/home/vantrong/Documents/PLATFORM_LETTA/CUSTOMER_DTU-SUPPORT-BE/vendor/bundle/ruby/3.3.0/gems/activerecord-8.0.2/lib/active_record/migration.rb:974:in `block in migrate'
/home/vantrong/Documents/PLATFORM_LETTA/CUSTOMER_DTU-SUPPORT-BE/vendor/bundle/ruby/3.3.0/gems/activerecord-8.0.2/lib/active_record/connection_adapters/abstract/connection_pool.rb:412:in `with_connection'
/home/vantrong/Documents/PLATFORM_LETTA/CUSTOMER_DTU-SUPPORT-BE/vendor/bundle/ruby/3.3.0/gems/activerecord-8.0.2/lib/active_record/migration.rb:973:in `migrate'
/home/vantrong/Documents/PLATFORM_LETTA/CUSTOMER_DTU-SUPPORT-BE/vendor/bundle/ruby/3.3.0/gems/activerecord-8.0.2/lib/active_record/migration.rb:1187:in `migrate'
/home/vantrong/Documents/PLATFORM_LETTA/CUSTOMER_DTU-SUPPORT-BE/vendor/bundle/ruby/3.3.0/gems/activerecord-8.0.2/lib/active_record/migration.rb:1535:in `block in execute_migration_in_transaction'
/home/vantrong/Documents/PLATFORM_LETTA/CUSTOMER_DTU-SUPPORT-BE/vendor/bundle/ruby/3.3.0/gems/activerecord-8.0.2/lib/active_record/connection_adapters/abstract/transaction.rb:626:in `block in within_new_transaction'
/home/vantrong/Documents/PLATFORM_LETTA/CUSTOMER_DTU-SUPPORT-BE/vendor/bundle/ruby/3.3.0/gems/activesupport-8.0.2/lib/active_support/concurrency/null_lock.rb:9:in `synchronize'
/home/vantrong/Documents/PLATFORM_LETTA/CUSTOMER_DTU-SUPPORT-BE/vendor/bundle/ruby/3.3.0/gems/activerecord-8.0.2/lib/active_record/connection_adapters/abstract/transaction.rb:623:in `within_new_transaction'
/home/vantrong/Documents/PLATFORM_LETTA/CUSTOMER_DTU-SUPPORT-BE/vendor/bundle/ruby/3.3.0/gems/activerecord-8.0.2/lib/active_record/connection_adapters/abstract/database_statements.rb:367:in `within_new_transaction'
/home/vantrong/Documents/PLATFORM_LETTA/CUSTOMER_DTU-SUPPORT-BE/vendor/bundle/ruby/3.3.0/gems/activerecord-8.0.2/lib/active_record/connection_adapters/abstract/database_statements.rb:359:in `transaction'
/home/vantrong/Documents/PLATFORM_LETTA/CUSTOMER_DTU-SUPPORT-BE/vendor/bundle/ruby/3.3.0/gems/activerecord-8.0.2/lib/active_record/migration.rb:1586:in `ddl_transaction'
/home/vantrong/Documents/PLATFORM_LETTA/CUSTOMER_DTU-SUPPORT-BE/vendor/bundle/ruby/3.3.0/gems/activerecord-8.0.2/lib/active_record/migration.rb:1534:in `execute_migration_in_transaction'
/home/vantrong/Documents/PLATFORM_LETTA/CUSTOMER_DTU-SUPPORT-BE/vendor/bundle/ruby/3.3.0/gems/activerecord-8.0.2/lib/active_record/migration.rb:1509:in `each'
/home/vantrong/Documents/PLATFORM_LETTA/CUSTOMER_DTU-SUPPORT-BE/vendor/bundle/ruby/3.3.0/gems/activerecord-8.0.2/lib/active_record/migration.rb:1509:in `migrate_without_lock'
/home/vantrong/Documents/PLATFORM_LETTA/CUSTOMER_DTU-SUPPORT-BE/vendor/bundle/ruby/3.3.0/gems/activerecord-8.0.2/lib/active_record/migration.rb:1454:in `block in migrate'
/home/vantrong/Documents/PLATFORM_LETTA/CUSTOMER_DTU-SUPPORT-BE/vendor/bundle/ruby/3.3.0/gems/activerecord-8.0.2/lib/active_record/migration.rb:1606:in `with_advisory_lock'
/home/vantrong/Documents/PLATFORM_LETTA/CUSTOMER_DTU-SUPPORT-BE/vendor/bundle/ruby/3.3.0/gems/activerecord-8.0.2/lib/active_record/migration.rb:1454:in `migrate'
/home/vantrong/Documents/PLATFORM_LETTA/CUSTOMER_DTU-SUPPORT-BE/vendor/bundle/ruby/3.3.0/gems/activerecord-8.0.2/lib/active_record/migration.rb:1261:in `up'
/home/vantrong/Documents/PLATFORM_LETTA/CUSTOMER_DTU-SUPPORT-BE/vendor/bundle/ruby/3.3.0/gems/activerecord-8.0.2/lib/active_record/migration.rb:1236:in `migrate'
/home/vantrong/Documents/PLATFORM_LETTA/CUSTOMER_DTU-SUPPORT-BE/vendor/bundle/ruby/3.3.0/gems/activerecord-8.0.2/lib/active_record/tasks/database_tasks.rb:270:in `migrate'
/home/vantrong/Documents/PLATFORM_LETTA/CUSTOMER_DTU-SUPPORT-BE/vendor/bundle/ruby/3.3.0/gems/activerecord-8.0.2/lib/active_record/tasks/database_tasks.rb:248:in `migrate_all'
/home/vantrong/Documents/PLATFORM_LETTA/CUSTOMER_DTU-SUPPORT-BE/vendor/bundle/ruby/3.3.0/gems/activerecord-8.0.2/lib/active_record/railties/databases.rake:90:in `block (2 levels) in <main>'
/home/vantrong/Documents/PLATFORM_LETTA/CUSTOMER_DTU-SUPPORT-BE/vendor/bundle/ruby/3.3.0/gems/rake-13.3.0/lib/rake/task.rb:281:in `block in execute'
/home/vantrong/Documents/PLATFORM_LETTA/CUSTOMER_DTU-SUPPORT-BE/vendor/bundle/ruby/3.3.0/gems/rake-13.3.0/lib/rake/task.rb:281:in `each'
/home/vantrong/Documents/PLATFORM_LETTA/CUSTOMER_DTU-SUPPORT-BE/vendor/bundle/ruby/3.3.0/gems/rake-13.3.0/lib/rake/task.rb:281:in `execute'
/home/vantrong/Documents/PLATFORM_LETTA/CUSTOMER_DTU-SUPPORT-BE/vendor/bundle/ruby/3.3.0/gems/rake-13.3.0/lib/rake/task.rb:219:in `block in invoke_with_call_chain'
/home/vantrong/Documents/PLATFORM_LETTA/CUSTOMER_DTU-SUPPORT-BE/vendor/bundle/ruby/3.3.0/gems/rake-13.3.0/lib/rake/task.rb:199:in `synchronize'
/home/vantrong/Documents/PLATFORM_LETTA/CUSTOMER_DTU-SUPPORT-BE/vendor/bundle/ruby/3.3.0/gems/rake-13.3.0/lib/rake/task.rb:199:in `invoke_with_call_chain'
/home/vantrong/Documents/PLATFORM_LETTA/CUSTOMER_DTU-SUPPORT-BE/vendor/bundle/ruby/3.3.0/gems/rake-13.3.0/lib/rake/task.rb:188:in `invoke'
/home/vantrong/Documents/PLATFORM_LETTA/CUSTOMER_DTU-SUPPORT-BE/vendor/bundle/ruby/3.3.0/gems/rake-13.3.0/lib/rake/application.rb:188:in `invoke_task'
/home/vantrong/Documents/PLATFORM_LETTA/CUSTOMER_DTU-SUPPORT-BE/vendor/bundle/ruby/3.3.0/gems/rake-13.3.0/lib/rake/application.rb:138:in `block (2 levels) in top_level'
/home/vantrong/Documents/PLATFORM_LETTA/CUSTOMER_DTU-SUPPORT-BE/vendor/bundle/ruby/3.3.0/gems/rake-13.3.0/lib/rake/application.rb:138:in `each'
/home/vantrong/Documents/PLATFORM_LETTA/CUSTOMER_DTU-SUPPORT-BE/vendor/bundle/ruby/3.3.0/gems/rake-13.3.0/lib/rake/application.rb:138:in `block in top_level'
/home/vantrong/Documents/PLATFORM_LETTA/CUSTOMER_DTU-SUPPORT-BE/vendor/bundle/ruby/3.3.0/gems/rake-13.3.0/lib/rake/application.rb:147:in `run_with_threads'
/home/vantrong/Documents/PLATFORM_LETTA/CUSTOMER_DTU-SUPPORT-BE/vendor/bundle/ruby/3.3.0/gems/rake-13.3.0/lib/rake/application.rb:132:in `top_level'
/home/vantrong/Documents/PLATFORM_LETTA/CUSTOMER_DTU-SUPPORT-BE/vendor/bundle/ruby/3.3.0/gems/railties-8.0.2/lib/rails/commands/rake/rake_command.rb:27:in `block (2 levels) in perform'
/home/vantrong/Documents/PLATFORM_LETTA/CUSTOMER_DTU-SUPPORT-BE/vendor/bundle/ruby/3.3.0/gems/rake-13.3.0/lib/rake/application.rb:214:in `standard_exception_handling'
/home/vantrong/Documents/PLATFORM_LETTA/CUSTOMER_DTU-SUPPORT-BE/vendor/bundle/ruby/3.3.0/gems/railties-8.0.2/lib/rails/commands/rake/rake_command.rb:27:in `block in perform'
/home/vantrong/Documents/PLATFORM_LETTA/CUSTOMER_DTU-SUPPORT-BE/vendor/bundle/ruby/3.3.0/gems/railties-8.0.2/lib/rails/commands/rake/rake_command.rb:44:in `block in with_rake'
/home/vantrong/Documents/PLATFORM_LETTA/CUSTOMER_DTU-SUPPORT-BE/vendor/bundle/ruby/3.3.0/gems/rake-13.3.0/lib/rake/rake_module.rb:59:in `with_application'
/home/vantrong/Documents/PLATFORM_LETTA/CUSTOMER_DTU-SUPPORT-BE/vendor/bundle/ruby/3.3.0/gems/railties-8.0.2/lib/rails/commands/rake/rake_command.rb:41:in `with_rake'
/home/vantrong/Documents/PLATFORM_LETTA/CUSTOMER_DTU-SUPPORT-BE/vendor/bundle/ruby/3.3.0/gems/railties-8.0.2/lib/rails/commands/rake/rake_command.rb:20:in `perform'
/home/vantrong/Documents/PLATFORM_LETTA/CUSTOMER_DTU-SUPPORT-BE/vendor/bundle/ruby/3.3.0/gems/railties-8.0.2/lib/rails/command.rb:150:in `invoke_rake'
/home/vantrong/Documents/PLATFORM_LETTA/CUSTOMER_DTU-SUPPORT-BE/vendor/bundle/ruby/3.3.0/gems/railties-8.0.2/lib/rails/command.rb:67:in `block in invoke'
/home/vantrong/Documents/PLATFORM_LETTA/CUSTOMER_DTU-SUPPORT-BE/vendor/bundle/ruby/3.3.0/gems/railties-8.0.2/lib/rails/command.rb:143:in `with_argv'
/home/vantrong/Documents/PLATFORM_LETTA/CUSTOMER_DTU-SUPPORT-BE/vendor/bundle/ruby/3.3.0/gems/railties-8.0.2/lib/rails/command.rb:63:in `invoke'
/home/vantrong/Documents/PLATFORM_LETTA/CUSTOMER_DTU-SUPPORT-BE/vendor/bundle/ruby/3.3.0/gems/railties-8.0.2/lib/rails/commands.rb:18:in `<main>'
/home/vantrong/.rvm/rubies/ruby-3.3.9/lib/ruby/3.3.0/bundled_gems.rb:69:in `require'
/home/vantrong/.rvm/rubies/ruby-3.3.9/lib/ruby/3.3.0/bundled_gems.rb:69:in `block (2 levels) in replace_require'
/home/vantrong/Documents/PLATFORM_LETTA/CUSTOMER_DTU-SUPPORT-BE/vendor/bundle/ruby/3.3.0/gems/bootsnap-1.18.6/lib/bootsnap/load_path_cache/core_ext/kernel_require.rb:30:in `require'
bin/rails:6:in `<main>'

Caused by:
PG::DependentObjectsStillExist: ERROR:  cannot drop table subscription_plans because other objects depend on it (PG::DependentObjectsStillExist)
DETAIL:  constraint fk_rails_e2413b5781 on table users depends on table subscription_plans
HINT:  Use DROP ... CASCADE to drop the dependent objects too.
/home/vantrong/Documents/PLATFORM_LETTA/CUSTOMER_DTU-SUPPORT-BE/vendor/bundle/ruby/3.3.0/gems/activerecord-8.0.2/lib/active_record/connection_adapters/postgresql/database_statements.rb:160:in `exec'
/home/vantrong/Documents/PLATFORM_LETTA/CUSTOMER_DTU-SUPPORT-BE/vendor/bundle/ruby/3.3.0/gems/activerecord-8.0.2/lib/active_record/connection_adapters/postgresql/database_statements.rb:160:in `perform_query'
/home/vantrong/Documents/PLATFORM_LETTA/CUSTOMER_DTU-SUPPORT-BE/vendor/bundle/ruby/3.3.0/gems/activerecord-8.0.2/lib/active_record/connection_adapters/abstract/database_statements.rb:556:in `block (2 levels) in raw_execute'
/home/vantrong/Documents/PLATFORM_LETTA/CUSTOMER_DTU-SUPPORT-BE/vendor/bundle/ruby/3.3.0/gems/activerecord-8.0.2/lib/active_record/connection_adapters/abstract_adapter.rb:1015:in `block in with_raw_connection'
/home/vantrong/Documents/PLATFORM_LETTA/CUSTOMER_DTU-SUPPORT-BE/vendor/bundle/ruby/3.3.0/gems/activesupport-8.0.2/lib/active_support/concurrency/null_lock.rb:9:in `synchronize'
/home/vantrong/Documents/PLATFORM_LETTA/CUSTOMER_DTU-SUPPORT-BE/vendor/bundle/ruby/3.3.0/gems/activerecord-8.0.2/lib/active_record/connection_adapters/abstract_adapter.rb:984:in `with_raw_connection'
/home/vantrong/Documents/PLATFORM_LETTA/CUSTOMER_DTU-SUPPORT-BE/vendor/bundle/ruby/3.3.0/gems/activerecord-8.0.2/lib/active_record/connection_adapters/abstract/database_statements.rb:555:in `block in raw_execute'
/home/vantrong/Documents/PLATFORM_LETTA/CUSTOMER_DTU-SUPPORT-BE/vendor/bundle/ruby/3.3.0/gems/activesupport-8.0.2/lib/active_support/notifications/instrumenter.rb:58:in `instrument'
/home/vantrong/Documents/PLATFORM_LETTA/CUSTOMER_DTU-SUPPORT-BE/vendor/bundle/ruby/3.3.0/gems/activerecord-8.0.2/lib/active_record/connection_adapters/abstract_adapter.rb:1135:in `log'
/home/vantrong/Documents/PLATFORM_LETTA/CUSTOMER_DTU-SUPPORT-BE/vendor/bundle/ruby/3.3.0/gems/activerecord-8.0.2/lib/active_record/connection_adapters/abstract/database_statements.rb:554:in `raw_execute'
/home/vantrong/Documents/PLATFORM_LETTA/CUSTOMER_DTU-SUPPORT-BE/vendor/bundle/ruby/3.3.0/gems/activerecord-8.0.2/lib/active_record/connection_adapters/abstract/database_statements.rb:591:in `internal_execute'
/home/vantrong/Documents/PLATFORM_LETTA/CUSTOMER_DTU-SUPPORT-BE/vendor/bundle/ruby/3.3.0/gems/activerecord-8.0.2/lib/active_record/connection_adapters/abstract/database_statements.rb:137:in `execute'
/home/vantrong/Documents/PLATFORM_LETTA/CUSTOMER_DTU-SUPPORT-BE/vendor/bundle/ruby/3.3.0/gems/activerecord-8.0.2/lib/active_record/connection_adapters/abstract/query_cache.rb:27:in `execute'
/home/vantrong/Documents/PLATFORM_LETTA/CUSTOMER_DTU-SUPPORT-BE/vendor/bundle/ruby/3.3.0/gems/activerecord-8.0.2/lib/active_record/connection_adapters/postgresql/database_statements.rb:40:in `execute'
/home/vantrong/Documents/PLATFORM_LETTA/CUSTOMER_DTU-SUPPORT-BE/vendor/bundle/ruby/3.3.0/gems/activerecord-8.0.2/lib/active_record/connection_adapters/postgresql/schema_statements.rb:59:in `drop_table'
/home/vantrong/Documents/PLATFORM_LETTA/CUSTOMER_DTU-SUPPORT-BE/vendor/bundle/ruby/3.3.0/gems/activerecord-8.0.2/lib/active_record/migration/default_strategy.rb:10:in `method_missing'
/home/vantrong/Documents/PLATFORM_LETTA/CUSTOMER_DTU-SUPPORT-BE/vendor/bundle/ruby/3.3.0/gems/activerecord-8.0.2/lib/active_record/migration.rb:1056:in `block in method_missing'
/home/vantrong/Documents/PLATFORM_LETTA/CUSTOMER_DTU-SUPPORT-BE/vendor/bundle/ruby/3.3.0/gems/activerecord-8.0.2/lib/active_record/migration.rb:1022:in `block in say_with_time'
/home/vantrong/Documents/PLATFORM_LETTA/CUSTOMER_DTU-SUPPORT-BE/vendor/bundle/ruby/3.3.0/gems/activesupport-8.0.2/lib/active_support/benchmark.rb:17:in `realtime'
/home/vantrong/Documents/PLATFORM_LETTA/CUSTOMER_DTU-SUPPORT-BE/vendor/bundle/ruby/3.3.0/gems/activerecord-8.0.2/lib/active_record/migration.rb:1022:in `say_with_time'
/home/vantrong/Documents/PLATFORM_LETTA/CUSTOMER_DTU-SUPPORT-BE/vendor/bundle/ruby/3.3.0/gems/activerecord-8.0.2/lib/active_record/migration.rb:1045:in `method_missing'
/home/vantrong/Documents/PLATFORM_LETTA/CUSTOMER_DTU-SUPPORT-BE/vendor/bundle/ruby/3.3.0/gems/activerecord-8.0.2/lib/active_record/migration.rb:608:in `drop_table'
/home/vantrong/Documents/PLATFORM_LETTA/CUSTOMER_DTU-SUPPORT-BE/db/migrate/20251219000000_remove_payment_and_subscription_tables.rb:6:in `change'
/home/vantrong/Documents/PLATFORM_LETTA/CUSTOMER_DTU-SUPPORT-BE/vendor/bundle/ruby/3.3.0/gems/activerecord-8.0.2/lib/active_record/migration.rb:991:in `exec_migration'
/home/vantrong/Documents/PLATFORM_LETTA/CUSTOMER_DTU-SUPPORT-BE/vendor/bundle/ruby/3.3.0/gems/activerecord-8.0.2/lib/active_record/migration.rb:975:in `block (2 levels) in migrate'
/home/vantrong/Documents/PLATFORM_LETTA/CUSTOMER_DTU-SUPPORT-BE/vendor/bundle/ruby/3.3.0/gems/activesupport-8.0.2/lib/active_support/benchmark.rb:17:in `realtime'
/home/vantrong/Documents/PLATFORM_LETTA/CUSTOMER_DTU-SUPPORT-BE/vendor/bundle/ruby/3.3.0/gems/activerecord-8.0.2/lib/active_record/migration.rb:974:in `block in migrate'
/home/vantrong/Documents/PLATFORM_LETTA/CUSTOMER_DTU-SUPPORT-BE/vendor/bundle/ruby/3.3.0/gems/activerecord-8.0.2/lib/active_record/connection_adapters/abstract/connection_pool.rb:412:in `with_connection'
/home/vantrong/Documents/PLATFORM_LETTA/CUSTOMER_DTU-SUPPORT-BE/vendor/bundle/ruby/3.3.0/gems/activerecord-8.0.2/lib/active_record/migration.rb:973:in `migrate'
/home/vantrong/Documents/PLATFORM_LETTA/CUSTOMER_DTU-SUPPORT-BE/vendor/bundle/ruby/3.3.0/gems/activerecord-8.0.2/lib/active_record/migration.rb:1187:in `migrate'
/home/vantrong/Documents/PLATFORM_LETTA/CUSTOMER_DTU-SUPPORT-BE/vendor/bundle/ruby/3.3.0/gems/activerecord-8.0.2/lib/active_record/migration.rb:1535:in `block in execute_migration_in_transaction'
/home/vantrong/Documents/PLATFORM_LETTA/CUSTOMER_DTU-SUPPORT-BE/vendor/bundle/ruby/3.3.0/gems/activerecord-8.0.2/lib/active_record/connection_adapters/abstract/transaction.rb:626:in `block in within_new_transaction'
/home/vantrong/Documents/PLATFORM_LETTA/CUSTOMER_DTU-SUPPORT-BE/vendor/bundle/ruby/3.3.0/gems/activesupport-8.0.2/lib/active_support/concurrency/null_lock.rb:9:in `synchronize'
/home/vantrong/Documents/PLATFORM_LETTA/CUSTOMER_DTU-SUPPORT-BE/vendor/bundle/ruby/3.3.0/gems/activerecord-8.0.2/lib/active_record/connection_adapters/abstract/transaction.rb:623:in `within_new_transaction'
/home/vantrong/Documents/PLATFORM_LETTA/CUSTOMER_DTU-SUPPORT-BE/vendor/bundle/ruby/3.3.0/gems/activerecord-8.0.2/lib/active_record/connection_adapters/abstract/database_statements.rb:367:in `within_new_transaction'
/home/vantrong/Documents/PLATFORM_LETTA/CUSTOMER_DTU-SUPPORT-BE/vendor/bundle/ruby/3.3.0/gems/activerecord-8.0.2/lib/active_record/connection_adapters/abstract/database_statements.rb:359:in `transaction'
/home/vantrong/Documents/PLATFORM_LETTA/CUSTOMER_DTU-SUPPORT-BE/vendor/bundle/ruby/3.3.0/gems/activerecord-8.0.2/lib/active_record/migration.rb:1586:in `ddl_transaction'
/home/vantrong/Documents/PLATFORM_LETTA/CUSTOMER_DTU-SUPPORT-BE/vendor/bundle/ruby/3.3.0/gems/activerecord-8.0.2/lib/active_record/migration.rb:1534:in `execute_migration_in_transaction'
/home/vantrong/Documents/PLATFORM_LETTA/CUSTOMER_DTU-SUPPORT-BE/vendor/bundle/ruby/3.3.0/gems/activerecord-8.0.2/lib/active_record/migration.rb:1509:in `each'
/home/vantrong/Documents/PLATFORM_LETTA/CUSTOMER_DTU-SUPPORT-BE/vendor/bundle/ruby/3.3.0/gems/activerecord-8.0.2/lib/active_record/migration.rb:1509:in `migrate_without_lock'
/home/vantrong/Documents/PLATFORM_LETTA/CUSTOMER_DTU-SUPPORT-BE/vendor/bundle/ruby/3.3.0/gems/activerecord-8.0.2/lib/active_record/migration.rb:1454:in `block in migrate'
/home/vantrong/Documents/PLATFORM_LETTA/CUSTOMER_DTU-SUPPORT-BE/vendor/bundle/ruby/3.3.0/gems/activerecord-8.0.2/lib/active_record/migration.rb:1606:in `with_advisory_lock'
/home/vantrong/Documents/PLATFORM_LETTA/CUSTOMER_DTU-SUPPORT-BE/vendor/bundle/ruby/3.3.0/gems/activerecord-8.0.2/lib/active_record/migration.rb:1454:in `migrate'
/home/vantrong/Documents/PLATFORM_LETTA/CUSTOMER_DTU-SUPPORT-BE/vendor/bundle/ruby/3.3.0/gems/activerecord-8.0.2/lib/active_record/migration.rb:1261:in `up'
/home/vantrong/Documents/PLATFORM_LETTA/CUSTOMER_DTU-SUPPORT-BE/vendor/bundle/ruby/3.3.0/gems/activerecord-8.0.2/lib/active_record/migration.rb:1236:in `migrate'
/home/vantrong/Documents/PLATFORM_LETTA/CUSTOMER_DTU-SUPPORT-BE/vendor/bundle/ruby/3.3.0/gems/activerecord-8.0.2/lib/active_record/tasks/database_tasks.rb:270:in `migrate'
/home/vantrong/Documents/PLATFORM_LETTA/CUSTOMER_DTU-SUPPORT-BE/vendor/bundle/ruby/3.3.0/gems/activerecord-8.0.2/lib/active_record/tasks/database_tasks.rb:248:in `migrate_all'
/home/vantrong/Documents/PLATFORM_LETTA/CUSTOMER_DTU-SUPPORT-BE/vendor/bundle/ruby/3.3.0/gems/activerecord-8.0.2/lib/active_record/railties/databases.rake:90:in `block (2 levels) in <main>'
/home/vantrong/Documents/PLATFORM_LETTA/CUSTOMER_DTU-SUPPORT-BE/vendor/bundle/ruby/3.3.0/gems/rake-13.3.0/lib/rake/task.rb:281:in `block in execute'
/home/vantrong/Documents/PLATFORM_LETTA/CUSTOMER_DTU-SUPPORT-BE/vendor/bundle/ruby/3.3.0/gems/rake-13.3.0/lib/rake/task.rb:281:in `each'
/home/vantrong/Documents/PLATFORM_LETTA/CUSTOMER_DTU-SUPPORT-BE/vendor/bundle/ruby/3.3.0/gems/rake-13.3.0/lib/rake/task.rb:281:in `execute'
/home/vantrong/Documents/PLATFORM_LETTA/CUSTOMER_DTU-SUPPORT-BE/vendor/bundle/ruby/3.3.0/gems/rake-13.3.0/lib/rake/task.rb:219:in `block in invoke_with_call_chain'
/home/vantrong/Documents/PLATFORM_LETTA/CUSTOMER_DTU-SUPPORT-BE/vendor/bundle/ruby/3.3.0/gems/rake-13.3.0/lib/rake/task.rb:199:in `synchronize'
/home/vantrong/Documents/PLATFORM_LETTA/CUSTOMER_DTU-SUPPORT-BE/vendor/bundle/ruby/3.3.0/gems/rake-13.3.0/lib/rake/task.rb:199:in `invoke_with_call_chain'
/home/vantrong/Documents/PLATFORM_LETTA/CUSTOMER_DTU-SUPPORT-BE/vendor/bundle/ruby/3.3.0/gems/rake-13.3.0/lib/rake/task.rb:188:in `invoke'
/home/vantrong/Documents/PLATFORM_LETTA/CUSTOMER_DTU-SUPPORT-BE/vendor/bundle/ruby/3.3.0/gems/rake-13.3.0/lib/rake/application.rb:188:in `invoke_task'
/home/vantrong/Documents/PLATFORM_LETTA/CUSTOMER_DTU-SUPPORT-BE/vendor/bundle/ruby/3.3.0/gems/rake-13.3.0/lib/rake/application.rb:138:in `block (2 levels) in top_level'
/home/vantrong/Documents/PLATFORM_LETTA/CUSTOMER_DTU-SUPPORT-BE/vendor/bundle/ruby/3.3.0/gems/rake-13.3.0/lib/rake/application.rb:138:in `each'
/home/vantrong/Documents/PLATFORM_LETTA/CUSTOMER_DTU-SUPPORT-BE/vendor/bundle/ruby/3.3.0/gems/rake-13.3.0/lib/rake/application.rb:138:in `block in top_level'
/home/vantrong/Documents/PLATFORM_LETTA/CUSTOMER_DTU-SUPPORT-BE/vendor/bundle/ruby/3.3.0/gems/rake-13.3.0/lib/rake/application.rb:147:in `run_with_threads'
/home/vantrong/Documents/PLATFORM_LETTA/CUSTOMER_DTU-SUPPORT-BE/vendor/bundle/ruby/3.3.0/gems/rake-13.3.0/lib/rake/application.rb:132:in `top_level'
/home/vantrong/Documents/PLATFORM_LETTA/CUSTOMER_DTU-SUPPORT-BE/vendor/bundle/ruby/3.3.0/gems/railties-8.0.2/lib/rails/commands/rake/rake_command.rb:27:in `block (2 levels) in perform'
/home/vantrong/Documents/PLATFORM_LETTA/CUSTOMER_DTU-SUPPORT-BE/vendor/bundle/ruby/3.3.0/gems/rake-13.3.0/lib/rake/application.rb:214:in `standard_exception_handling'
/home/vantrong/Documents/PLATFORM_LETTA/CUSTOMER_DTU-SUPPORT-BE/vendor/bundle/ruby/3.3.0/gems/railties-8.0.2/lib/rails/commands/rake/rake_command.rb:27:in `block in perform'
/home/vantrong/Documents/PLATFORM_LETTA/CUSTOMER_DTU-SUPPORT-BE/vendor/bundle/ruby/3.3.0/gems/railties-8.0.2/lib/rails/commands/rake/rake_command.rb:44:in `block in with_rake'
/home/vantrong/Documents/PLATFORM_LETTA/CUSTOMER_DTU-SUPPORT-BE/vendor/bundle/ruby/3.3.0/gems/rake-13.3.0/lib/rake/rake_module.rb:59:in `with_application'
/home/vantrong/Documents/PLATFORM_LETTA/CUSTOMER_DTU-SUPPORT-BE/vendor/bundle/ruby/3.3.0/gems/railties-8.0.2/lib/rails/commands/rake/rake_command.rb:41:in `with_rake'
/home/vantrong/Documents/PLATFORM_LETTA/CUSTOMER_DTU-SUPPORT-BE/vendor/bundle/ruby/3.3.0/gems/railties-8.0.2/lib/rails/commands/rake/rake_command.rb:20:in `perform'
/home/vantrong/Documents/PLATFORM_LETTA/CUSTOMER_DTU-SUPPORT-BE/vendor/bundle/ruby/3.3.0/gems/railties-8.0.2/lib/rails/command.rb:150:in `invoke_rake'
/home/vantrong/Documents/PLATFORM_LETTA/CUSTOMER_DTU-SUPPORT-BE/vendor/bundle/ruby/3.3.0/gems/railties-8.0.2/lib/rails/command.rb:67:in `block in invoke'
/home/vantrong/Documents/PLATFORM_LETTA/CUSTOMER_DTU-SUPPORT-BE/vendor/bundle/ruby/3.3.0/gems/railties-8.0.2/lib/rails/command.rb:143:in `with_argv'
/home/vantrong/Documents/PLATFORM_LETTA/CUSTOMER_DTU-SUPPORT-BE/vendor/bundle/ruby/3.3.0/gems/railties-8.0.2/lib/rails/command.rb:63:in `invoke'
/home/vantrong/Documents/PLATFORM_LETTA/CUSTOMER_DTU-SUPPORT-BE/vendor/bundle/ruby/3.3.0/gems/railties-8.0.2/lib/rails/commands.rb:18:in `<main>'
/home/vantrong/.rvm/rubies/ruby-3.3.9/lib/ruby/3.3.0/bundled_gems.rb:69:in `require'
/home/vantrong/.rvm/rubies/ruby-3.3.9/lib/ruby/3.3.0/bundled_gems.rb:69:in `block (2 levels) in replace_require'
/home/vantrong/Documents/PLATFORM_LETTA/CUSTOMER_DTU-SUPPORT-BE/vendor/bundle/ruby/3.3.0/gems/bootsnap-1.18.6/lib/bootsnap/load_path_cache/core_ext/kernel_require.rb:30:in `require'
bin/rails:6:in `<main>'
Tasks: TOP => db:migrate
== 20251219000000 RemovePaymentAndSubscriptionTables: migrating ===============
-- table_exists?(:payments)
   -> 0.0031s
-- drop_table(:payments)
   -> 0.0030s
-- table_exists?(:subscription_plans)
   -> 0.0009s
-- drop_table(:subscription_plans)
